Archive member included to satisfy reference by file (symbol)

/usr/lib/gcc/arm-none-eabi/10.3.1/../../../arm-none-eabi/lib/thumb/v7e-m+fp/hard/libstdc++_nano.a(class_type_info.o)
                              CMakeFiles/F303k8.elf.dir/apps/console/console.cpp.obj (vtable for __cxxabiv1::__class_type_info)
/usr/lib/gcc/arm-none-eabi/10.3.1/../../../arm-none-eabi/lib/thumb/v7e-m+fp/hard/libstdc++_nano.a(del_ops.o)
                              CMakeFiles/F303k8.elf.dir/apps/console/console.cpp.obj (operator delete(void*, unsigned int))
/usr/lib/gcc/arm-none-eabi/10.3.1/../../../arm-none-eabi/lib/thumb/v7e-m+fp/hard/libstdc++_nano.a(eh_arm.o)
                              CMakeFiles/F303k8.elf.dir/apps/led/led.cpp.obj (__cxa_end_cleanup)
/usr/lib/gcc/arm-none-eabi/10.3.1/../../../arm-none-eabi/lib/thumb/v7e-m+fp/hard/libstdc++_nano.a(eh_catch.o)
                              CMakeFiles/F303k8.elf.dir/apps/console/console.cpp.obj (__cxa_begin_catch)
/usr/lib/gcc/arm-none-eabi/10.3.1/../../../arm-none-eabi/lib/thumb/v7e-m+fp/hard/libstdc++_nano.a(eh_exception.o)
                              /usr/lib/gcc/arm-none-eabi/10.3.1/../../../arm-none-eabi/lib/thumb/v7e-m+fp/hard/libstdc++_nano.a(eh_arm.o) (typeinfo for __cxxabiv1::__forced_unwind)
/usr/lib/gcc/arm-none-eabi/10.3.1/../../../arm-none-eabi/lib/thumb/v7e-m+fp/hard/libstdc++_nano.a(eh_globals.o)
                              /usr/lib/gcc/arm-none-eabi/10.3.1/../../../arm-none-eabi/lib/thumb/v7e-m+fp/hard/libstdc++_nano.a(eh_catch.o) (__cxa_get_globals_fast)
/usr/lib/gcc/arm-none-eabi/10.3.1/../../../arm-none-eabi/lib/thumb/v7e-m+fp/hard/libstdc++_nano.a(eh_personality.o)
                              CMakeFiles/F303k8.elf.dir/apps/led/led.cpp.obj (__gxx_personality_v0)
/usr/lib/gcc/arm-none-eabi/10.3.1/../../../arm-none-eabi/lib/thumb/v7e-m+fp/hard/libstdc++_nano.a(eh_terminate.o)
                              /usr/lib/gcc/arm-none-eabi/10.3.1/../../../arm-none-eabi/lib/thumb/v7e-m+fp/hard/libstdc++_nano.a(eh_arm.o) (std::terminate())
/usr/lib/gcc/arm-none-eabi/10.3.1/../../../arm-none-eabi/lib/thumb/v7e-m+fp/hard/libstdc++_nano.a(eh_throw.o)
                              CMakeFiles/F303k8.elf.dir/apps/console/console.cpp.obj (__cxa_rethrow)
/usr/lib/gcc/arm-none-eabi/10.3.1/../../../arm-none-eabi/lib/thumb/v7e-m+fp/hard/libstdc++_nano.a(eh_unex_handler.o)
                              /usr/lib/gcc/arm-none-eabi/10.3.1/../../../arm-none-eabi/lib/thumb/v7e-m+fp/hard/libstdc++_nano.a(eh_terminate.o) (__cxxabiv1::__unexpected_handler)
/usr/lib/gcc/arm-none-eabi/10.3.1/../../../arm-none-eabi/lib/thumb/v7e-m+fp/hard/libstdc++_nano.a(new_op.o)
                              CMakeFiles/F303k8.elf.dir/apps/console/console.cpp.obj (operator new(unsigned int))
/usr/lib/gcc/arm-none-eabi/10.3.1/../../../arm-none-eabi/lib/thumb/v7e-m+fp/hard/libstdc++_nano.a(pure.o)
                              /usr/lib/gcc/arm-none-eabi/10.3.1/../../../arm-none-eabi/lib/thumb/v7e-m+fp/hard/libstdc++_nano.a(eh_exception.o) (__cxa_pure_virtual)
/usr/lib/gcc/arm-none-eabi/10.3.1/../../../arm-none-eabi/lib/thumb/v7e-m+fp/hard/libstdc++_nano.a(si_class_type_info.o)
                              CMakeFiles/F303k8.elf.dir/apps/console/console.cpp.obj (vtable for __cxxabiv1::__si_class_type_info)
/usr/lib/gcc/arm-none-eabi/10.3.1/../../../arm-none-eabi/lib/thumb/v7e-m+fp/hard/libstdc++_nano.a(tinfo.o)
                              /usr/lib/gcc/arm-none-eabi/10.3.1/../../../arm-none-eabi/lib/thumb/v7e-m+fp/hard/libstdc++_nano.a(class_type_info.o) (std::type_info::~type_info())
/usr/lib/gcc/arm-none-eabi/10.3.1/../../../arm-none-eabi/lib/thumb/v7e-m+fp/hard/libstdc++_nano.a(functexcept.o)
                              CMakeFiles/F303k8.elf.dir/apps/console/console.cpp.obj (std::__throw_logic_error(char const*))
/usr/lib/gcc/arm-none-eabi/10.3.1/../../../arm-none-eabi/lib/thumb/v7e-m+fp/hard/libstdc++_nano.a(functional.o)
                              CMakeFiles/F303k8.elf.dir/apps/console/console.cpp.obj (std::__throw_bad_function_call())
/usr/lib/gcc/arm-none-eabi/10.3.1/../../../arm-none-eabi/lib/thumb/v7e-m+fp/hard/libstdc++_nano.a(snprintf_lite.o)
                              /usr/lib/gcc/arm-none-eabi/10.3.1/../../../arm-none-eabi/lib/thumb/v7e-m+fp/hard/libstdc++_nano.a(functexcept.o) (__gnu_cxx::__snprintf_lite(char*, unsigned int, char const*, std::__va_list))
/usr/lib/gcc/arm-none-eabi/10.3.1/../../../arm-none-eabi/lib/thumb/v7e-m+fp/hard/libstdc++_nano.a(string-inst.o)
                              CMakeFiles/F303k8.elf.dir/apps/console/console.cpp.obj (std::__cxx11::basic_string<char, std::char_traits<char>, std::allocator<char> >::_M_create(unsigned int&, unsigned int))
/usr/lib/gcc/arm-none-eabi/10.3.1/../../../arm-none-eabi/lib/thumb/v7e-m+fp/hard/libstdc++_nano.a(del_op.o)
                              /usr/lib/gcc/arm-none-eabi/10.3.1/../../../arm-none-eabi/lib/thumb/v7e-m+fp/hard/libstdc++_nano.a(del_ops.o) (operator delete(void*))
[...]
Memory Configuration

Name             Origin             Length             Attributes
FLASH            0x0000000008000000 0x0000000000010000 xr
RAM              0x0000000020000000 0x0000000000003000 xrw
CCMRAM           0x0000000010000000 0x0000000000001000 rw
*default*        0x0000000000000000 0xffffffffffffffff

Linker script and memory map

LOAD /usr/lib/gcc/arm-none-eabi/10.3.1/thumb/v7e-m+fp/hard/crti.o
LOAD /usr/lib/gcc/arm-none-eabi/10.3.1/thumb/v7e-m+fp/hard/crtbegin.o
LOAD /usr/lib/gcc/arm-none-eabi/10.3.1/../../../arm-none-eabi/lib/thumb/v7e-m+fp/hard/crt0.o
LOAD CMakeFiles/F303k8.elf.dir/ARM/Core/Src/system_stm32f3xx.c.obj
LOAD CMakeFiles/F303k8.elf.dir/drivers/clock/clock.cpp.obj
LOAD CMakeFiles/F303k8.elf.dir/drivers/gpio/gpio.cpp.obj
LOAD CMakeFiles/F303k8.elf.dir/drivers/usart/usart.cpp.obj
LOAD CMakeFiles/F303k8.elf.dir/drivers/rtc/rtc.cpp.obj
LOAD CMakeFiles/F303k8.elf.dir/drivers/dma/dma.cpp.obj
LOAD CMakeFiles/F303k8.elf.dir/drivers/tim/tim.cpp.obj
LOAD CMakeFiles/F303k8.elf.dir/drivers/spi/spi.cpp.obj
LOAD CMakeFiles/F303k8.elf.dir/apps/led/led.cpp.obj
LOAD CMakeFiles/F303k8.elf.dir/apps/console/console.cpp.obj
LOAD CMakeFiles/F303k8.elf.dir/apps/wait/wait.cpp.obj
LOAD CMakeFiles/F303k8.elf.dir/apps/sd/sd.cpp.obj
LOAD CMakeFiles/F303k8.elf.dir/nucleo/f303k8.cpp.obj
LOAD CMakeFiles/F303k8.elf.dir/main.cpp.obj
LOAD CMakeFiles/F303k8.elf.dir/ARM/startup_stm32f303x8.s.obj
LOAD /usr/lib/gcc/arm-none-eabi/10.3.1/../../../arm-none-eabi/lib/thumb/v7e-m+fp/hard/libstdc++_nano.a
LOAD /usr/lib/gcc/arm-none-eabi/10.3.1/../../../arm-none-eabi/lib/thumb/v7e-m+fp/hard/libm.a
LOAD /usr/lib/gcc/arm-none-eabi/10.3.1/../../../arm-none-eabi/lib/thumb/v7e-m+fp/hard/libc_nano.a
START GROUP
LOAD /usr/lib/gcc/arm-none-eabi/10.3.1/thumb/v7e-m+fp/hard/libgcc.a
LOAD /usr/lib/gcc/arm-none-eabi/10.3.1/../../../arm-none-eabi/lib/thumb/v7e-m+fp/hard/libc_nano.a
END GROUP
START GROUP
LOAD /usr/lib/gcc/arm-none-eabi/10.3.1/thumb/v7e-m+fp/hard/libgcc.a
LOAD /usr/lib/gcc/arm-none-eabi/10.3.1/../../../arm-none-eabi/lib/thumb/v7e-m+fp/hard/libc_nano.a
LOAD /usr/lib/gcc/arm-none-eabi/10.3.1/../../../arm-none-eabi/lib/thumb/v7e-m+fp/hard/libnosys.a
END GROUP
START GROUP
LOAD /usr/lib/gcc/arm-none-eabi/10.3.1/thumb/v7e-m+fp/hard/libgcc.a
LOAD /usr/lib/gcc/arm-none-eabi/10.3.1/../../../arm-none-eabi/lib/thumb/v7e-m+fp/hard/libc_nano.a
LOAD /usr/lib/gcc/arm-none-eabi/10.3.1/../../../arm-none-eabi/lib/thumb/v7e-m+fp/hard/libnosys.a
END GROUP
LOAD /usr/lib/gcc/arm-none-eabi/10.3.1/thumb/v7e-m+fp/hard/crtend.o
LOAD /usr/lib/gcc/arm-none-eabi/10.3.1/thumb/v7e-m+fp/hard/crtn.o
                0x0000000020003000                _estack = 0x20003000
                0x0000000000000200                _Min_Heap_Size = 0x200
                0x0000000000000400                _Min_Stack_Size = 0x400

.isr_vector     0x0000000008000000      0x188
                0x0000000008000000                . = ALIGN (0x4)
 *(.isr_vector)
 .isr_vector    0x0000000008000000      0x188 CMakeFiles/F303k8.elf.dir/ARM/startup_stm32f303x8.s.obj
                0x0000000008000000                g_pfnVectors
                0x0000000008000188                . = ALIGN (0x4)

.text           0x00000000080001c0     0x5eb8
                0x00000000080001c0                . = ALIGN (0x4)
 *(.text)
 .text          0x00000000080001c0       0x88 /usr/lib/gcc/arm-none-eabi/10.3.1/thumb/v7e-m+fp/hard/crtbegin.o
 .text          0x0000000008000248       0x10 /usr/lib/gcc/arm-none-eabi/10.3.1/../../../arm-none-eabi/lib/thumb/v7e-m+fp/hard/libc_nano.a(lib_a-abort.o)
                0x0000000008000248                abort
 .text          0x0000000008000258       0x48 /usr/lib/gcc/arm-none-eabi/10.3.1/../../../arm-none-eabi/lib/thumb/v7e-m+fp/hard/libc_nano.a(lib_a-init.o)
                0x0000000008000258                __libc_init_array
 .text          0x00000000080002a0       0x20 /usr/lib/gcc/arm-none-eabi/10.3.1/../../../arm-none-eabi/lib/thumb/v7e-m+fp/hard/libc_nano.a(lib_a-malloc.o)
                0x00000000080002a0                malloc
                0x00000000080002b0                free
 .text          0x00000000080002c0       0xa0 /usr/lib/gcc/arm-none-eabi/10.3.1/../../../arm-none-eabi/lib/thumb/v7e-m+fp/hard/libc_nano.a(lib_a-memchr.o)
                0x00000000080002c0                memchr
 .text          0x0000000008000360       0x64 /usr/lib/gcc/arm-none-eabi/10.3.1/../../../arm-none-eabi/lib/thumb/v7e-m+fp/hard/libc_nano.a(lib_a-memcmp.o)
                0x0000000008000360                memcmp
 .text          0x00000000080003c4      0x134 /usr/lib/gcc/arm-none-eabi/10.3.1/../../../arm-none-eabi/lib/thumb/v7e-m+fp/hard/libc_nano.a(lib_a-memcpy.o)
                0x00000000080003c4                memcpy
 .text          0x00000000080004f8       0xf8 /usr/lib/gcc/arm-none-eabi/10.3.1/../../../arm-none-eabi/lib/thumb/v7e-m+fp/hard/libc_nano.a(lib_a-memmove.o)
                0x00000000080004f8                memmove
 .text          0x00000000080005f0       0xa4 /usr/lib/gcc/arm-none-eabi/10.3.1/../../../arm-none-eabi/lib/thumb/v7e-m+fp/hard/libc_nano.a(lib_a-memset.o)
                0x00000000080005f0                memset
 .text          0x0000000008000694       0xc4 /usr/lib/gcc/arm-none-eabi/10.3.1/../../../arm-none-eabi/lib/thumb/v7e-m+fp/hard/libc_nano.a(lib_a-nano-freer.o)
                0x0000000008000694                _free_r
 .text          0x0000000008000758       0xb4 /usr/lib/gcc/arm-none-eabi/10.3.1/../../../arm-none-eabi/lib/thumb/v7e-m+fp/hard/libc_nano.a(lib_a-nano-mallocr.o)
                0x0000000008000758                _malloc_r
 .text          0x000000000800080c       0x24 /usr/lib/gcc/arm-none-eabi/10.3.1/../../../arm-none-eabi/lib/thumb/v7e-m+fp/hard/libc_nano.a(lib_a-sbrkr.o)
                0x000000000800080c                _sbrk_r
 .text          0x0000000008000830      0x268 /usr/lib/gcc/arm-none-eabi/10.3.1/../../../arm-none-eabi/lib/thumb/v7e-m+fp/hard/libc_nano.a(lib_a-signal.o)
                0x0000000008000830                _init_signal_r
                0x000000000800085c                _signal_r
                0x00000000080008a4                _raise_r
                0x00000000080008f8                __sigtramp_r
                0x0000000008000958                raise
                0x00000000080009b0                signal
                0x0000000008000a00                _init_signal
                0x0000000008000a34                __sigtramp
 .text          0x0000000008000a98       0x30 /usr/lib/gcc/arm-none-eabi/10.3.1/../../../arm-none-eabi/lib/thumb/v7e-m+fp/hard/libc_nano.a(lib_a-signalr.o)
                0x0000000008000a98                _kill_r
                0x0000000008000ac4                _getpid_r
 *fill*         0x0000000008000ac8       0x18 
 .text          0x0000000008000ae0      0x2dc /usr/lib/gcc/arm-none-eabi/10.3.1/../../../arm-none-eabi/lib/thumb/v7e-m+fp/hard/libc_nano.a(lib_a-strcmp.o)
                0x0000000008000ae8                strcmp
 *fill*         0x0000000008000dbc        0x4 
 .text          0x0000000008000dc0       0xdc /usr/lib/gcc/arm-none-eabi/10.3.1/../../../arm-none-eabi/lib/thumb/v7e-m+fp/hard/libc_nano.a(lib_a-strlen.o)
                0x0000000008000dc0                strlen
 .text          0x0000000008000e9c       0xe0 /usr/lib/gcc/arm-none-eabi/10.3.1/../../../arm-none-eabi/lib/thumb/v7e-m+fp/hard/libc_nano.a(lib_a-vsnprintf.o)
                0x0000000008000e9c                vsnprintf
                0x0000000008000e9c                vsniprintf
                0x0000000008000f0c                _vsnprintf_r
                0x0000000008000f0c                _vsniprintf_r
 .text          0x0000000008000f7c        0x8 /usr/lib/gcc/arm-none-eabi/10.3.1/../../../arm-none-eabi/lib/thumb/v7e-m+fp/hard/libc_nano.a(lib_a-mlock.o)
                0x0000000008000f7c                __malloc_lock
                0x0000000008000f80                __malloc_unlock
 .text          0x0000000008000f84      0x3f0 /usr/lib/gcc/arm-none-eabi/10.3.1/../../../arm-none-eabi/lib/thumb/v7e-m+fp/hard/libc_nano.a(lib_a-nano-svfprintf.o)
                0x0000000008000f84                __ssputs_r
                0x0000000008001048                __ssprint_r
                0x0000000008001140                _svfprintf_r
                0x0000000008001140                _svfiprintf_r
 .text          0x0000000008001374      0x3dc /usr/lib/gcc/arm-none-eabi/10.3.1/../../../arm-none-eabi/lib/thumb/v7e-m+fp/hard/libc_nano.a(lib_a-nano-vfprintf_i.o)
                0x0000000008001374                _printf_common
                0x00000000080014a0                _printf_i
 .text          0x0000000008001750       0x50 /usr/lib/gcc/arm-none-eabi/10.3.1/../../../arm-none-eabi/lib/thumb/v7e-m+fp/hard/libc_nano.a(lib_a-nano-reallocr.o)
                0x0000000008001750                _realloc_r
 .text          0x00000000080017a0       0x14 /usr/lib/gcc/arm-none-eabi/10.3.1/../../../arm-none-eabi/lib/thumb/v7e-m+fp/hard/libc_nano.a(lib_a-nano-msizer.o)
                0x00000000080017a0                _malloc_usable_size_r
 .text          0x00000000080017b4      0x9d8 /usr/lib/gcc/arm-none-eabi/10.3.1/thumb/v7e-m+fp/hard/libgcc.a(unwind-arm.o)
                0x0000000008001a5c                _Unwind_GetCFA
                0x0000000008001a60                __gnu_Unwind_RaiseException
                0x0000000008001ac8                __gnu_Unwind_ForcedUnwind
                0x0000000008001ad8                __gnu_Unwind_Resume
                0x0000000008001b1c                __gnu_Unwind_Resume_or_Rethrow
                0x0000000008001b2c                _Unwind_Complete
                0x0000000008001b30                _Unwind_DeleteException
                0x0000000008001b3c                _Unwind_VRS_Get
                0x0000000008001b88                _Unwind_VRS_Set
                0x0000000008001bd0                __gnu_Unwind_Backtrace
                0x0000000008001efc                __aeabi_unwind_cpp_pr0
                0x0000000008001f00                __aeabi_unwind_cpp_pr1
                0x0000000008001f04                __aeabi_unwind_cpp_pr2
                0x0000000008001f08                _Unwind_VRS_Pop
 .text          0x000000000800218c      0x1ac /usr/lib/gcc/arm-none-eabi/10.3.1/thumb/v7e-m+fp/hard/libgcc.a(libunwind.o)
                0x000000000800218c                __restore_core_regs
                0x000000000800218c                restore_core_regs
                0x00000000080021a4                __gnu_Unwind_Restore_VFP
                0x00000000080021ac                __gnu_Unwind_Save_VFP
                0x00000000080021b4                __gnu_Unwind_Restore_VFP_D
                0x00000000080021bc                __gnu_Unwind_Save_VFP_D
                0x00000000080021c4                __gnu_Unwind_Restore_VFP_D_16_to_31
                0x00000000080021cc                __gnu_Unwind_Save_VFP_D_16_to_31
                0x00000000080021d4                __gnu_Unwind_Restore_WMMXD
                0x0000000008002218                __gnu_Unwind_Save_WMMXD
                0x000000000800225c                __gnu_Unwind_Restore_WMMXC
                0x0000000008002270                __gnu_Unwind_Save_WMMXC
                0x0000000008002284                ___Unwind_RaiseException
                0x0000000008002284                _Unwind_RaiseException
                0x00000000080022a8                ___Unwind_Resume
                0x00000000080022a8                _Unwind_Resume
                0x00000000080022cc                _Unwind_Resume_or_Rethrow
                0x00000000080022cc                ___Unwind_Resume_or_Rethrow
                0x00000000080022f0                ___Unwind_ForcedUnwind
                0x00000000080022f0                _Unwind_ForcedUnwind
                0x0000000008002314                _Unwind_Backtrace
                0x0000000008002314                ___Unwind_Backtrace
 .text          0x0000000008002338      0x350 /usr/lib/gcc/arm-none-eabi/10.3.1/thumb/v7e-m+fp/hard/libgcc.a(pr-support.o)
                0x0000000008002390                __gnu_unwind_execute
                0x000000000800263c                __gnu_unwind_frame
                0x0000000008002668                _Unwind_GetRegionStart
                0x0000000008002674                _Unwind_GetLanguageSpecificData
 .text          0x0000000008002688       0x10 /usr/lib/gcc/arm-none-eabi/10.3.1/../../../arm-none-eabi/lib/thumb/v7e-m+fp/hard/libnosys.a(getpid.o)
                0x0000000008002688                _getpid
 .text          0x0000000008002698       0x10 /usr/lib/gcc/arm-none-eabi/10.3.1/../../../arm-none-eabi/lib/thumb/v7e-m+fp/hard/libnosys.a(kill.o)
                0x0000000008002698                _kill
 .text          0x00000000080026a8       0x1c /usr/lib/gcc/arm-none-eabi/10.3.1/../../../arm-none-eabi/lib/thumb/v7e-m+fp/hard/libnosys.a(sbrk.o)
                0x00000000080026a8                _sbrk
 .text          0x00000000080026c4        0x4 /usr/lib/gcc/arm-none-eabi/10.3.1/../../../arm-none-eabi/lib/thumb/v7e-m+fp/hard/libnosys.a(_exit.o)
                0x00000000080026c4                _exit
 *(.text*)
 .text.SystemInit
                0x00000000080026c8       0x14 CMakeFiles/F303k8.elf.dir/ARM/Core/Src/system_stm32f3xx.c.obj
                0x00000000080026c8                SystemInit
 .text.SystemCoreClockUpdate
                0x00000000080026dc       0x70 CMakeFiles/F303k8.elf.dir/ARM/Core/Src/system_stm32f3xx.c.obj
                0x00000000080026dc                SystemCoreClockUpdate
 .text._ZN5ClockC2Ev
                0x000000000800274c       0x64 CMakeFiles/F303k8.elf.dir/drivers/clock/clock.cpp.obj
                0x000000000800274c                Clock::Clock()
                0x000000000800274c                Clock::Clock()
 .text._ZN5ClockD2Ev
                0x00000000080027b0        0x4 CMakeFiles/F303k8.elf.dir/drivers/clock/clock.cpp.obj
                0x00000000080027b0                Clock::~Clock()
                0x00000000080027b0                Clock::~Clock()
 .text._ZN4GPIOC2ER10GPIO_CFG_t
                0x00000000080027b4       0x1c CMakeFiles/F303k8.elf.dir/drivers/gpio/gpio.cpp.obj
                0x00000000080027b4                GPIO::GPIO(GPIO_CFG_t&)
                0x00000000080027b4                GPIO::GPIO(GPIO_CFG_t&)
 .text._ZN4GPIOD2Ev
                0x00000000080027d0        0x4 CMakeFiles/F303k8.elf.dir/drivers/gpio/gpio.cpp.obj
                0x00000000080027d0                GPIO::~GPIO()
                0x00000000080027d0                GPIO::~GPIO()
 .text._ZN4GPIO4initEv
                0x00000000080027d4      0x120 CMakeFiles/F303k8.elf.dir/drivers/gpio/gpio.cpp.obj
                0x00000000080027d4                GPIO::init()
 .text._ZN5USART4initEv
                0x00000000080028f4       0xf0 CMakeFiles/F303k8.elf.dir/drivers/usart/usart.cpp.obj
                0x00000000080028f4                USART::init()
 .text._ZN7RTCLOCK4initEv
                0x00000000080029e4       0x94 CMakeFiles/F303k8.elf.dir/drivers/rtc/rtc.cpp.obj
                0x00000000080029e4                RTCLOCK::init()
 .text._ZN7RTCLOCK7get_bcdEPc
                0x0000000008002a78       0x4c CMakeFiles/F303k8.elf.dir/drivers/rtc/rtc.cpp.obj
                0x0000000008002a78                RTCLOCK::get_bcd(char*)
 .text._ZN3DMA4initEv
                0x0000000008002ac4      0x17c CMakeFiles/F303k8.elf.dir/drivers/dma/dma.cpp.obj
                0x0000000008002ac4                DMA::init()
 .text._ZN3TIM4initEv
                0x0000000008002c40      0x178 CMakeFiles/F303k8.elf.dir/drivers/tim/tim.cpp.obj
                0x0000000008002c40                TIM::init()
 .text._ZN3SPI4initEv
                0x0000000008002db8       0xe8 CMakeFiles/F303k8.elf.dir/drivers/spi/spi.cpp.obj
                0x0000000008002db8                SPI::init()
 .text._ZN3SPI2txEm
                0x0000000008002ea0       0x14 CMakeFiles/F303k8.elf.dir/drivers/spi/spi.cpp.obj
                0x0000000008002ea0                SPI::tx(unsigned long)
 .text._ZNSt17_Function_handlerIFvvESt5_BindIFM7ConsoleFvvEPS2_EEE9_M_invokeERKSt9_Any_data
                0x0000000008002eb4       0x20 CMakeFiles/F303k8.elf.dir/apps/console/console.cpp.obj
                0x0000000008002eb4                std::_Function_handler<void (), std::_Bind<void (Console::*(Console*))()> >::_M_invoke(std::_Any_data const&)
 .text._ZNSt17_Function_handlerIFvvESt5_BindIFM7ConsoleFvvEPS2_EEE10_M_managerERSt9_Any_dataRKS9_St18_Manager_operation
                0x0000000008002ed4       0x4c CMakeFiles/F303k8.elf.dir/apps/console/console.cpp.obj
                0x0000000008002ed4                std::_Function_handler<void (), std::_Bind<void (Console::*(Console*))()> >::_M_manager(std::_Any_data&, std::_Any_data const&, std::_Manager_operation)
 .text._ZN7CommandD2Ev
                0x0000000008002f20       0x3c CMakeFiles/F303k8.elf.dir/apps/console/console.cpp.obj
                0x0000000008002f20                Command::~Command()
                0x0000000008002f20                Command::~Command()
 .text._ZN7Console5printEPKcz
                0x0000000008002f5c       0x6c CMakeFiles/F303k8.elf.dir/apps/console/console.cpp.obj
                0x0000000008002f5c                Console::print(char const*, ...)
 .text._ZN7Console12time_commandEv
                0x0000000008002fc8       0x28 CMakeFiles/F303k8.elf.dir/apps/console/console.cpp.obj
                0x0000000008002fc8                Console::time_command()
 .text._ZN7Console11cls_commandEv
                0x0000000008002ff0        0xc CMakeFiles/F303k8.elf.dir/apps/console/console.cpp.obj
                0x0000000008002ff0                Console::cls_command()
 .text._ZN7Console12help_commandEv
                0x0000000008002ffc       0x90 CMakeFiles/F303k8.elf.dir/apps/console/console.cpp.obj
                0x0000000008002ffc                Console::help_command()
 .text._ZN7Console4initEv
                0x000000000800308c       0xd0 CMakeFiles/F303k8.elf.dir/apps/console/console.cpp.obj
                0x000000000800308c                Console::init()
 .text.DMA1_Channel7_IRQHandler
                0x000000000800315c       0x20 CMakeFiles/F303k8.elf.dir/apps/console/console.cpp.obj
                0x000000000800315c                DMA1_Channel7_IRQHandler
 .text.USART2_IRQHandler
                0x000000000800317c       0x84 CMakeFiles/F303k8.elf.dir/apps/console/console.cpp.obj
                0x000000000800317c                USART2_IRQHandler
 .text._ZNSt6vectorI4GPIOSaIS0_EED2Ev
                0x0000000008003200       0x2c CMakeFiles/F303k8.elf.dir/apps/console/console.cpp.obj
                0x0000000008003200                std::vector<GPIO, std::allocator<GPIO> >::~vector()
                0x0000000008003200                std::vector<GPIO, std::allocator<GPIO> >::~vector()
 .text._ZNSt6vectorINSt7__cxx1112basic_stringIcSt11char_traitsIcESaIcEEESaIS5_EED2Ev
                0x000000000800322c       0x4c CMakeFiles/F303k8.elf.dir/apps/console/console.cpp.obj
                0x000000000800322c                std::vector<std::__cxx11::basic_string<char, std::char_traits<char>, std::allocator<char> >, std::allocator<std::__cxx11::basic_string<char, std::char_traits<char>, std::allocator<char> > > >::~vector()
                0x000000000800322c                std::vector<std::__cxx11::basic_string<char, std::char_traits<char>, std::allocator<char> >, std::allocator<std::__cxx11::basic_string<char, std::char_traits<char>, std::allocator<char> > > >::~vector()
 .text._ZNSt6vectorINSt7__cxx1112basic_stringIcSt11char_traitsIcESaIcEEESaIS5_EE17_M_realloc_insertIJRKS5_EEEvN9__gnu_cxx17__normal_iteratorIPS5_S7_EEDpOT_
                0x0000000008003278      0x254 CMakeFiles/F303k8.elf.dir/apps/console/console.cpp.obj
                0x0000000008003278                void std::vector<std::__cxx11::basic_string<char, std::char_traits<char>, std::allocator<char> >, std::allocator<std::__cxx11::basic_string<char, std::char_traits<char>, std::allocator<char> > > >::_M_realloc_insert<std::__cxx11::basic_string<char, std::char_traits<char>, std::allocator<char> > const&>(__gnu_cxx::__normal_iterator<std::__cxx11::basic_string<char, std::char_traits<char>, std::allocator<char> >*, std::vector<std::__cxx11::basic_string<char, std::char_traits<char>, std::allocator<char> >, std::allocator<std::__cxx11::basic_string<char, std::char_traits<char>, std::allocator<char> > > > >, std::__cxx11::basic_string<char, std::char_traits<char>, std::allocator<char> > const&)
 .text._ZN7Console12convert_argsB5cxx11Ev
                0x00000000080034cc      0x15c CMakeFiles/F303k8.elf.dir/apps/console/console.cpp.obj
                0x00000000080034cc                Console::convert_args[abi:cxx11]()
 .text._ZN7Console11processLineEv
                0x0000000008003628      0x138 CMakeFiles/F303k8.elf.dir/apps/console/console.cpp.obj
                0x0000000008003628                Console::processLine()
 .text._ZN7Console12echo_commandEv
                0x0000000008003760       0x74 CMakeFiles/F303k8.elf.dir/apps/console/console.cpp.obj
                0x0000000008003760                Console::echo_command()
 .text._ZN7Console10sd_commandEv
                0x00000000080037d4      0x18c CMakeFiles/F303k8.elf.dir/apps/console/console.cpp.obj
                0x00000000080037d4                Console::sd_command()
 .text._ZNSt6vectorI4GPIOSaIS0_EE17_M_realloc_insertIJS0_EEEvN9__gnu_cxx17__normal_iteratorIPS0_S2_EEDpOT_
                0x0000000008003960      0x140 CMakeFiles/F303k8.elf.dir/apps/console/console.cpp.obj
                0x0000000008003960                void std::vector<GPIO, std::allocator<GPIO> >::_M_realloc_insert<GPIO>(__gnu_cxx::__normal_iterator<GPIO*, std::vector<GPIO, std::allocator<GPIO> > >, GPIO&&)
 .text._ZNSt6vectorI7CommandSaIS0_EE17_M_realloc_insertIJS0_EEEvN9__gnu_cxx17__normal_iteratorIPS0_S2_EEDpOT_
                0x0000000008003aa0      0x36c CMakeFiles/F303k8.elf.dir/apps/console/console.cpp.obj
                0x0000000008003aa0                void std::vector<Command, std::allocator<Command> >::_M_realloc_insert<Command>(__gnu_cxx::__normal_iterator<Command*, std::vector<Command, std::allocator<Command> > >, Command&&)
 .text._ZNSt6vectorI7CommandSaIS0_EE12emplace_backIJS0_EEEvDpOT_
                0x0000000008003e0c       0xd0 CMakeFiles/F303k8.elf.dir/apps/console/console.cpp.obj
                0x0000000008003e0c                void std::vector<Command, std::allocator<Command> >::emplace_back<Command>(Command&&)
 .text._ZN7Console17assemble_commandsEv
                0x0000000008003edc      0xafc CMakeFiles/F303k8.elf.dir/apps/console/console.cpp.obj
                0x0000000008003edc                Console::assemble_commands()
 .text._ZN7ConsoleC2Em
                0x00000000080049d8      0x214 CMakeFiles/F303k8.elf.dir/apps/console/console.cpp.obj
                0x00000000080049d8                Console::Console(unsigned long)
                0x00000000080049d8                Console::Console(unsigned long)
 .text._ZN4WaitC2Em
                0x0000000008004bec       0xa4 CMakeFiles/F303k8.elf.dir/apps/wait/wait.cpp.obj
                0x0000000008004bec                Wait::Wait(unsigned long)
                0x0000000008004bec                Wait::Wait(unsigned long)
 .text._ZN4Wait4initEv
                0x0000000008004c90        0x4 CMakeFiles/F303k8.elf.dir/apps/wait/wait.cpp.obj
                0x0000000008004c90                Wait::init()
 .text._ZN4Wait6mswaitEm
                0x0000000008004c94       0x3c CMakeFiles/F303k8.elf.dir/apps/wait/wait.cpp.obj
                0x0000000008004c94                Wait::mswait(unsigned long)
 .text._ZN4Wait5uwaitEm
                0x0000000008004cd0       0x38 CMakeFiles/F303k8.elf.dir/apps/wait/wait.cpp.obj
                0x0000000008004cd0                Wait::uwait(unsigned long)
 .text.DMA1_Channel2_IRQHandler
                0x0000000008004d08       0x1c CMakeFiles/F303k8.elf.dir/apps/sd/sd.cpp.obj
                0x0000000008004d08                DMA1_Channel2_IRQHandler
 .text.DMA1_Channel3_IRQHandler
                0x0000000008004d24       0x20 CMakeFiles/F303k8.elf.dir/apps/sd/sd.cpp.obj
                0x0000000008004d24                DMA1_Channel3_IRQHandler
 .text._ZN2SD4initEv
                0x0000000008004d44       0x38 CMakeFiles/F303k8.elf.dir/apps/sd/sd.cpp.obj
                0x0000000008004d44                SD::init()
 .text._ZN2SD5rx_enEm
                0x0000000008004d7c       0x28 CMakeFiles/F303k8.elf.dir/apps/sd/sd.cpp.obj
                0x0000000008004d7c                SD::rx_en(unsigned long)
 .text._ZN2SD2txEv
                0x0000000008004da4       0x38 CMakeFiles/F303k8.elf.dir/apps/sd/sd.cpp.obj
                0x0000000008004da4                SD::tx()
 .text._ZN2SDC2Ev
                0x0000000008004ddc      0x2dc CMakeFiles/F303k8.elf.dir/apps/sd/sd.cpp.obj
                0x0000000008004ddc                SD::SD()
                0x0000000008004ddc                SD::SD()
 .text._ZN7ConsoleD2Ev
                0x00000000080050b8       0xc0 CMakeFiles/F303k8.elf.dir/nucleo/f303k8.cpp.obj
                0x00000000080050b8                Console::~Console()
                0x00000000080050b8                Console::~Console()
 .text._ZN6F303k8C2Ev
                0x0000000008005178       0x30 CMakeFiles/F303k8.elf.dir/nucleo/f303k8.cpp.obj
                0x0000000008005178                F303k8::F303k8()
                0x0000000008005178                F303k8::F303k8()
 .text._ZN6F303k8D2Ev
                0x00000000080051a8       0xc8 CMakeFiles/F303k8.elf.dir/nucleo/f303k8.cpp.obj
                0x00000000080051a8                F303k8::~F303k8()
                0x00000000080051a8                F303k8::~F303k8()
 .text.startup.main
                0x0000000008005270       0x1c CMakeFiles/F303k8.elf.dir/main.cpp.obj
                0x0000000008005270                main
 .text.Reset_Handler
                0x000000000800528c       0x50 CMakeFiles/F303k8.elf.dir/ARM/startup_stm32f303x8.s.obj
                0x000000000800528c                Reset_Handler
 .text.Default_Handler
                0x00000000080052dc        0x2 CMakeFiles/F303k8.elf.dir/ARM/startup_stm32f303x8.s.obj
                0x00000000080052dc                RTC_Alarm_IRQHandler
                0x00000000080052dc                DebugMon_Handler
                0x00000000080052dc                TIM1_CC_IRQHandler
                0x00000000080052dc                HardFault_Handler
                0x00000000080052dc                SysTick_Handler
                0x00000000080052dc                PVD_IRQHandler
                0x00000000080052dc                TAMP_STAMP_IRQHandler
                0x00000000080052dc                PendSV_Handler
                0x00000000080052dc                NMI_Handler
                0x00000000080052dc                EXTI3_IRQHandler
                0x00000000080052dc                EXTI0_IRQHandler
                0x00000000080052dc                FPU_IRQHandler
                0x00000000080052dc                CAN_TX_IRQHandler
                0x00000000080052dc                TIM1_UP_TIM16_IRQHandler
                0x00000000080052dc                UsageFault_Handler
                0x00000000080052dc                ADC1_2_IRQHandler
                0x00000000080052dc                SPI1_IRQHandler
                0x00000000080052dc                CAN_SCE_IRQHandler
                0x00000000080052dc                DMA1_Channel4_IRQHandler
                0x00000000080052dc                USART3_IRQHandler
                0x00000000080052dc                TIM7_DAC2_IRQHandler
                0x00000000080052dc                CAN_RX1_IRQHandler
                0x00000000080052dc                I2C1_EV_IRQHandler
                0x00000000080052dc                DMA1_Channel6_IRQHandler
                0x00000000080052dc                TIM3_IRQHandler
                0x00000000080052dc                RCC_IRQHandler
                0x00000000080052dc                DMA1_Channel1_IRQHandler
                0x00000000080052dc                Default_Handler
                0x00000000080052dc                EXTI15_10_IRQHandler
                0x00000000080052dc                COMP2_IRQHandler
                0x00000000080052dc                TIM6_DAC1_IRQHandler
                0x00000000080052dc                EXTI9_5_IRQHandler
                0x00000000080052dc                RTC_WKUP_IRQHandler
                0x00000000080052dc                MemManage_Handler
                0x00000000080052dc                SVC_Handler
                0x00000000080052dc                DMA1_Channel5_IRQHandler
                0x00000000080052dc                EXTI4_IRQHandler
                0x00000000080052dc                TIM1_TRG_COM_TIM17_IRQHandler
                0x00000000080052dc                WWDG_IRQHandler
                0x00000000080052dc                TIM2_IRQHandler
                0x00000000080052dc                EXTI1_IRQHandler
                0x00000000080052dc                COMP4_6_IRQHandler
                0x00000000080052dc                FLASH_IRQHandler
                0x00000000080052dc                BusFault_Handler
                0x00000000080052dc                USART1_IRQHandler
                0x00000000080052dc                CAN_RX0_IRQHandler
                0x00000000080052dc                I2C1_ER_IRQHandler
                0x00000000080052dc                EXTI2_TSC_IRQHandler
                0x00000000080052dc                TIM1_BRK_TIM15_IRQHandler
 .text._ZNK10__cxxabiv117__class_type_info11__do_upcastEPKS0_PPv
                0x00000000080052de       0x32 /usr/lib/gcc/arm-none-eabi/10.3.1/../../../arm-none-eabi/lib/thumb/v7e-m+fp/hard/libstdc++_nano.a(class_type_info.o)
                0x00000000080052de                __cxxabiv1::__class_type_info::__do_upcast(__cxxabiv1::__class_type_info const*, void**) const
 .text._ZNK10__cxxabiv117__class_type_info20__do_find_public_srcEiPKvPKS0_S2_
                0x0000000008005310        0xc /usr/lib/gcc/arm-none-eabi/10.3.1/../../../arm-none-eabi/lib/thumb/v7e-m+fp/hard/libstdc++_nano.a(class_type_info.o)
                0x0000000008005310                __cxxabiv1::__class_type_info::__do_find_public_src(int, void const*, __cxxabiv1::__class_type_info const*, void const*) const
 .text._ZN10__cxxabiv117__class_type_infoD2Ev
                0x000000000800531c       0x14 /usr/lib/gcc/arm-none-eabi/10.3.1/../../../arm-none-eabi/lib/thumb/v7e-m+fp/hard/libstdc++_nano.a(class_type_info.o)
                0x000000000800531c                __cxxabiv1::__class_type_info::~__class_type_info()
                0x000000000800531c                __cxxabiv1::__class_type_info::~__class_type_info()
 .text._ZN10__cxxabiv117__class_type_infoD0Ev
                0x0000000008005330       0x14 /usr/lib/gcc/arm-none-eabi/10.3.1/../../../arm-none-eabi/lib/thumb/v7e-m+fp/hard/libstdc++_nano.a(class_type_info.o)
                0x0000000008005330                __cxxabiv1::__class_type_info::~__class_type_info()
 .text._ZNK10__cxxabiv117__class_type_info12__do_dyncastEiNS0_10__sub_kindEPKS0_PKvS3_S5_RNS0_16__dyncast_resultE
                0x0000000008005344       0x3e /usr/lib/gcc/arm-none-eabi/10.3.1/../../../arm-none-eabi/lib/thumb/v7e-m+fp/hard/libstdc++_nano.a(class_type_info.o)
                0x0000000008005344                __cxxabiv1::__class_type_info::__do_dyncast(int, __cxxabiv1::__class_type_info::__sub_kind, __cxxabiv1::__class_type_info const*, void const*, __cxxabiv1::__class_type_info const*, void const*, __cxxabiv1::__class_type_info::__dyncast_result&) const
 .text._ZNK10__cxxabiv117__class_type_info11__do_upcastEPKS0_PKvRNS0_15__upcast_resultE
                0x0000000008005382       0x18 /usr/lib/gcc/arm-none-eabi/10.3.1/../../../arm-none-eabi/lib/thumb/v7e-m+fp/hard/libstdc++_nano.a(class_type_info.o)
                0x0000000008005382                __cxxabiv1::__class_type_info::__do_upcast(__cxxabiv1::__class_type_info const*, void const*, __cxxabiv1::__class_type_info::__upcast_result&) const
 .text._ZNK10__cxxabiv117__class_type_info10__do_catchEPKSt9type_infoPPvj
                0x000000000800539a       0x2a /usr/lib/gcc/arm-none-eabi/10.3.1/../../../arm-none-eabi/lib/thumb/v7e-m+fp/hard/libstdc++_nano.a(class_type_info.o)
                0x000000000800539a                __cxxabiv1::__class_type_info::__do_catch(std::type_info const*, void**, unsigned int) const
 .text._ZdlPvj  0x00000000080053c4        0x4 /usr/lib/gcc/arm-none-eabi/10.3.1/../../../arm-none-eabi/lib/thumb/v7e-m+fp/hard/libstdc++_nano.a(del_ops.o)
                0x00000000080053c4                operator delete(void*, unsigned int)
 .text.__cxa_end_cleanup
                0x00000000080053c8        0xc /usr/lib/gcc/arm-none-eabi/10.3.1/../../../arm-none-eabi/lib/thumb/v7e-m+fp/hard/libstdc++_nano.a(eh_arm.o)
                0x00000000080053c8                __cxa_end_cleanup
 .text._ZN10__cxxabiv1L24__is_gxx_exception_classEPc
                0x00000000080053d4       0x3a /usr/lib/gcc/arm-none-eabi/10.3.1/../../../arm-none-eabi/lib/thumb/v7e-m+fp/hard/libstdc++_nano.a(eh_arm.o)
 *fill*         0x000000000800540e        0x2 
 .text.__cxa_type_match
                0x0000000008005410       0xbc /usr/lib/gcc/arm-none-eabi/10.3.1/../../../arm-none-eabi/lib/thumb/v7e-m+fp/hard/libstdc++_nano.a(eh_arm.o)
                0x0000000008005410                __cxa_type_match
 .text.__cxa_begin_cleanup
                0x00000000080054cc       0x3a /usr/lib/gcc/arm-none-eabi/10.3.1/../../../arm-none-eabi/lib/thumb/v7e-m+fp/hard/libstdc++_nano.a(eh_arm.o)
                0x00000000080054cc                __cxa_begin_cleanup
 .text.__gnu_end_cleanup
                0x0000000008005506       0x32 /usr/lib/gcc/arm-none-eabi/10.3.1/../../../arm-none-eabi/lib/thumb/v7e-m+fp/hard/libstdc++_nano.a(eh_arm.o)
                0x0000000008005506                __gnu_end_cleanup
 .text._ZN10__cxxabiv1L24__is_gxx_exception_classEPc
                0x0000000008005538       0x3a /usr/lib/gcc/arm-none-eabi/10.3.1/../../../arm-none-eabi/lib/thumb/v7e-m+fp/hard/libstdc++_nano.a(eh_catch.o)
 .text.__cxa_begin_catch
                0x0000000008005572       0x52 /usr/lib/gcc/arm-none-eabi/10.3.1/../../../arm-none-eabi/lib/thumb/v7e-m+fp/hard/libstdc++_nano.a(eh_catch.o)
                0x0000000008005572                __cxa_begin_catch
 .text.__cxa_end_catch
                0x00000000080055c4       0x48 /usr/lib/gcc/arm-none-eabi/10.3.1/../../../arm-none-eabi/lib/thumb/v7e-m+fp/hard/libstdc++_nano.a(eh_catch.o)
                0x00000000080055c4                __cxa_end_catch
 .text.__cxa_get_globals_fast
                0x000000000800560c        0x8 /usr/lib/gcc/arm-none-eabi/10.3.1/../../../arm-none-eabi/lib/thumb/v7e-m+fp/hard/libstdc++_nano.a(eh_globals.o)
                0x000000000800560c                __cxa_get_globals_fast
 .text.__cxa_get_globals
                0x0000000008005614        0x8 /usr/lib/gcc/arm-none-eabi/10.3.1/../../../arm-none-eabi/lib/thumb/v7e-m+fp/hard/libstdc++_nano.a(eh_globals.o)
                0x0000000008005614                __cxa_get_globals
 .text._ZL12read_uleb128PKhPm
                0x000000000800561c       0x1e /usr/lib/gcc/arm-none-eabi/10.3.1/../../../arm-none-eabi/lib/thumb/v7e-m+fp/hard/libstdc++_nano.a(eh_personality.o)
 .text._ZL12read_sleb128PKhPl
                0x000000000800563a       0x30 /usr/lib/gcc/arm-none-eabi/10.3.1/../../../arm-none-eabi/lib/thumb/v7e-m+fp/hard/libstdc++_nano.a(eh_personality.o)
 .text._ZL28read_encoded_value_with_basehjPKhPj
                0x000000000800566a       0x8c /usr/lib/gcc/arm-none-eabi/10.3.1/../../../arm-none-eabi/lib/thumb/v7e-m+fp/hard/libstdc++_nano.a(eh_personality.o)
 .text._ZL21base_of_encoded_valuehP15_Unwind_Context
                0x00000000080056f6       0x48 /usr/lib/gcc/arm-none-eabi/10.3.1/../../../arm-none-eabi/lib/thumb/v7e-m+fp/hard/libstdc++_nano.a(eh_personality.o)
 .text._ZL18read_encoded_valueP15_Unwind_ContexthPKhPj
                0x000000000800573e       0x22 /usr/lib/gcc/arm-none-eabi/10.3.1/../../../arm-none-eabi/lib/thumb/v7e-m+fp/hard/libstdc++_nano.a(eh_personality.o)
 .text._ZL17parse_lsda_headerP15_Unwind_ContextPKhP16lsda_header_info
                0x0000000008005760       0x62 /usr/lib/gcc/arm-none-eabi/10.3.1/../../../arm-none-eabi/lib/thumb/v7e-m+fp/hard/libstdc++_nano.a(eh_personality.o)
 .text._Unwind_GetGR
                0x00000000080057c2       0x18 /usr/lib/gcc/arm-none-eabi/10.3.1/../../../arm-none-eabi/lib/thumb/v7e-m+fp/hard/libstdc++_nano.a(eh_personality.o)
 *fill*         0x00000000080057da        0x2 
 .text.__gxx_personality_v0
                0x00000000080057dc      0x338 /usr/lib/gcc/arm-none-eabi/10.3.1/../../../arm-none-eabi/lib/thumb/v7e-m+fp/hard/libstdc++_nano.a(eh_personality.o)
                0x00000000080057dc                __gxx_personality_v0
 .text._ZN10__cxxabiv111__terminateEPFvvE
                0x0000000008005b14        0x8 /usr/lib/gcc/arm-none-eabi/10.3.1/../../../arm-none-eabi/lib/thumb/v7e-m+fp/hard/libstdc++_nano.a(eh_terminate.o)
                0x0000000008005b14                __cxxabiv1::__terminate(void (*)())
 .text._ZSt13get_terminatev
                0x0000000008005b1c       0x10 /usr/lib/gcc/arm-none-eabi/10.3.1/../../../arm-none-eabi/lib/thumb/v7e-m+fp/hard/libstdc++_nano.a(eh_terminate.o)
                0x0000000008005b1c                std::get_terminate()
 .text._ZSt9terminatev
                0x0000000008005b2c        0xa /usr/lib/gcc/arm-none-eabi/10.3.1/../../../arm-none-eabi/lib/thumb/v7e-m+fp/hard/libstdc++_nano.a(eh_terminate.o)
                0x0000000008005b2c                std::terminate()
 .text._ZN10__cxxabiv112__unexpectedEPFvvE
                0x0000000008005b36        0x8 /usr/lib/gcc/arm-none-eabi/10.3.1/../../../arm-none-eabi/lib/thumb/v7e-m+fp/hard/libstdc++_nano.a(eh_terminate.o)
                0x0000000008005b36                __cxxabiv1::__unexpected(void (*)())
 *fill*         0x0000000008005b3e        0x2 
 .text._ZSt14get_unexpectedv
                0x0000000008005b40       0x10 /usr/lib/gcc/arm-none-eabi/10.3.1/../../../arm-none-eabi/lib/thumb/v7e-m+fp/hard/libstdc++_nano.a(eh_terminate.o)
                0x0000000008005b40                std::get_unexpected()
 .text._ZSt10unexpectedv
                0x0000000008005b50        0xa /usr/lib/gcc/arm-none-eabi/10.3.1/../../../arm-none-eabi/lib/thumb/v7e-m+fp/hard/libstdc++_nano.a(eh_terminate.o)
                0x0000000008005b50                std::unexpected()
 .text.__cxa_rethrow
                0x0000000008005b5a       0x6e /usr/lib/gcc/arm-none-eabi/10.3.1/../../../arm-none-eabi/lib/thumb/v7e-m+fp/hard/libstdc++_nano.a(eh_throw.o)
                0x0000000008005b5a                __cxa_rethrow
 .text._Znwj    0x0000000008005bc8       0x22 /usr/lib/gcc/arm-none-eabi/10.3.1/../../../arm-none-eabi/lib/thumb/v7e-m+fp/hard/libstdc++_nano.a(new_op.o)
                0x0000000008005bc8                operator new(unsigned int)
 *fill*         0x0000000008005bea        0x2 
 .text._ZN10__cxxabiv120__si_class_type_infoD2Ev
                0x0000000008005bec       0x14 /usr/lib/gcc/arm-none-eabi/10.3.1/../../../arm-none-eabi/lib/thumb/v7e-m+fp/hard/libstdc++_nano.a(si_class_type_info.o)
                0x0000000008005bec                __cxxabiv1::__si_class_type_info::~__si_class_type_info()
                0x0000000008005bec                __cxxabiv1::__si_class_type_info::~__si_class_type_info()
 .text._ZN10__cxxabiv120__si_class_type_infoD0Ev
                0x0000000008005c00       0x14 /usr/lib/gcc/arm-none-eabi/10.3.1/../../../arm-none-eabi/lib/thumb/v7e-m+fp/hard/libstdc++_nano.a(si_class_type_info.o)
                0x0000000008005c00                __cxxabiv1::__si_class_type_info::~__si_class_type_info()
 .text._ZNK10__cxxabiv120__si_class_type_info20__do_find_public_srcEiPKvPKNS_17__class_type_infoES2_
                0x0000000008005c14       0x38 /usr/lib/gcc/arm-none-eabi/10.3.1/../../../arm-none-eabi/lib/thumb/v7e-m+fp/hard/libstdc++_nano.a(si_class_type_info.o)
                0x0000000008005c14                __cxxabiv1::__si_class_type_info::__do_find_public_src(int, void const*, __cxxabiv1::__class_type_info const*, void const*) const
 .text._ZNK10__cxxabiv120__si_class_type_info12__do_dyncastEiNS_17__class_type_info10__sub_kindEPKS1_PKvS4_S6_RNS1_16__dyncast_resultE
                0x0000000008005c4c       0x74 /usr/lib/gcc/arm-none-eabi/10.3.1/../../../arm-none-eabi/lib/thumb/v7e-m+fp/hard/libstdc++_nano.a(si_class_type_info.o)
                0x0000000008005c4c                __cxxabiv1::__si_class_type_info::__do_dyncast(int, __cxxabiv1::__class_type_info::__sub_kind, __cxxabiv1::__class_type_info const*, void const*, __cxxabiv1::__class_type_info const*, void const*, __cxxabiv1::__class_type_info::__dyncast_result&) const
 .text._ZNK10__cxxabiv120__si_class_type_info11__do_upcastEPKNS_17__class_type_infoEPKvRNS1_15__upcast_resultE
                0x0000000008005cc0       0x2a /usr/lib/gcc/arm-none-eabi/10.3.1/../../../arm-none-eabi/lib/thumb/v7e-m+fp/hard/libstdc++_nano.a(si_class_type_info.o)
                0x0000000008005cc0                __cxxabiv1::__si_class_type_info::__do_upcast(__cxxabiv1::__class_type_info const*, void const*, __cxxabiv1::__class_type_info::__upcast_result&) const
 .text._ZNSt9type_infoD2Ev
                0x0000000008005cea        0x2 /usr/lib/gcc/arm-none-eabi/10.3.1/../../../arm-none-eabi/lib/thumb/v7e-m+fp/hard/libstdc++_nano.a(tinfo.o)
                0x0000000008005cea                std::type_info::~type_info()
                0x0000000008005cea                std::type_info::~type_info()
 .text._ZNKSt9type_info14__is_pointer_pEv
                0x0000000008005cec        0x4 /usr/lib/gcc/arm-none-eabi/10.3.1/../../../arm-none-eabi/lib/thumb/v7e-m+fp/hard/libstdc++_nano.a(tinfo.o)
                0x0000000008005cec                std::type_info::__is_function_p() const
                0x0000000008005cec                std::type_info::__is_pointer_p() const
 .text._ZNKSt9type_infoeqERKS_
                0x0000000008005cf0       0x2c /usr/lib/gcc/arm-none-eabi/10.3.1/../../../arm-none-eabi/lib/thumb/v7e-m+fp/hard/libstdc++_nano.a(tinfo.o)
                0x0000000008005cf0                std::type_info::operator==(std::type_info const&) const
 .text.unlikely._ZSt17__throw_bad_allocv
                0x0000000008005d1c        0x6 /usr/lib/gcc/arm-none-eabi/10.3.1/../../../arm-none-eabi/lib/thumb/v7e-m+fp/hard/libstdc++_nano.a(functexcept.o)
                0x0000000008005d1c                std::__throw_bad_alloc()
 .text.unlikely._ZSt19__throw_logic_errorPKc
                0x0000000008005d22        0x6 /usr/lib/gcc/arm-none-eabi/10.3.1/../../../arm-none-eabi/lib/thumb/v7e-m+fp/hard/libstdc++_nano.a(functexcept.o)
                0x0000000008005d22                std::__throw_logic_error(char const*)
 .text.unlikely._ZSt20__throw_length_errorPKc
                0x0000000008005d28        0x6 /usr/lib/gcc/arm-none-eabi/10.3.1/../../../arm-none-eabi/lib/thumb/v7e-m+fp/hard/libstdc++_nano.a(functexcept.o)
                0x0000000008005d28                std::__throw_length_error(char const*)
 .text.unlikely._ZSt25__throw_bad_function_callv
                0x0000000008005d2e        0x6 /usr/lib/gcc/arm-none-eabi/10.3.1/../../../arm-none-eabi/lib/thumb/v7e-m+fp/hard/libstdc++_nano.a(functional.o)
                0x0000000008005d2e                std::__throw_bad_function_call()
 .text._ZNSt11char_traitsIcE4copyEPcPKcj.isra.0
                0x0000000008005d34        0x8 /usr/lib/gcc/arm-none-eabi/10.3.1/../../../arm-none-eabi/lib/thumb/v7e-m+fp/hard/libstdc++_nano.a(string-inst.o)
 .text._ZNSt11char_traitsIcE7compareEPKcS2_j
                0x0000000008005d3c        0xa /usr/lib/gcc/arm-none-eabi/10.3.1/../../../arm-none-eabi/lib/thumb/v7e-m+fp/hard/libstdc++_nano.a(string-inst.o)
                0x0000000008005d3c                std::char_traits<char>::compare(char const*, char const*, unsigned int)
 *fill*         0x0000000008005d46        0x2 
 .text._ZNSt7__cxx1112basic_stringIcSt11char_traitsIcESaIcEE9_M_createERjj
                0x0000000008005d48       0x44 /usr/lib/gcc/arm-none-eabi/10.3.1/../../../arm-none-eabi/lib/thumb/v7e-m+fp/hard/libstdc++_nano.a(string-inst.o)
                0x0000000008005d48                std::__cxx11::basic_string<char, std::char_traits<char>, std::allocator<char> >::_M_create(unsigned int&, unsigned int)
 .text._ZNSt7__cxx1112basic_stringIcSt11char_traitsIcESaIcEE10_M_disposeEv
                0x0000000008005d8c       0x10 /usr/lib/gcc/arm-none-eabi/10.3.1/../../../arm-none-eabi/lib/thumb/v7e-m+fp/hard/libstdc++_nano.a(string-inst.o)
                0x0000000008005d8c                std::__cxx11::basic_string<char, std::char_traits<char>, std::allocator<char> >::_M_dispose()
 .text._ZNKSt7__cxx1112basic_stringIcSt11char_traitsIcESaIcEE15_M_check_lengthEjjPKc
                0x0000000008005d9c       0x18 /usr/lib/gcc/arm-none-eabi/10.3.1/../../../arm-none-eabi/lib/thumb/v7e-m+fp/hard/libstdc++_nano.a(string-inst.o)
                0x0000000008005d9c                std::__cxx11::basic_string<char, std::char_traits<char>, std::allocator<char> >::_M_check_length(unsigned int, unsigned int, char const*) const
 .text._ZNKSt7__cxx1112basic_stringIcSt11char_traitsIcESaIcEE11_M_disjunctEPKc
                0x0000000008005db4       0x18 /usr/lib/gcc/arm-none-eabi/10.3.1/../../../arm-none-eabi/lib/thumb/v7e-m+fp/hard/libstdc++_nano.a(string-inst.o)
                0x0000000008005db4                std::__cxx11::basic_string<char, std::char_traits<char>, std::allocator<char> >::_M_disjunct(char const*) const
 .text._ZNSt7__cxx1112basic_stringIcSt11char_traitsIcESaIcEE7_S_copyEPcPKcj
                0x0000000008005dcc       0x18 /usr/lib/gcc/arm-none-eabi/10.3.1/../../../arm-none-eabi/lib/thumb/v7e-m+fp/hard/libstdc++_nano.a(string-inst.o)
                0x0000000008005dcc                std::__cxx11::basic_string<char, std::char_traits<char>, std::allocator<char> >::_S_copy(char*, char const*, unsigned int)
 .text._ZNSt7__cxx1112basic_stringIcSt11char_traitsIcESaIcEE7_S_moveEPcPKcj
                0x0000000008005de4       0x18 /usr/lib/gcc/arm-none-eabi/10.3.1/../../../arm-none-eabi/lib/thumb/v7e-m+fp/hard/libstdc++_nano.a(string-inst.o)
                0x0000000008005de4                std::__cxx11::basic_string<char, std::char_traits<char>, std::allocator<char> >::_S_move(char*, char const*, unsigned int)
 .text._ZNSt7__cxx1112basic_stringIcSt11char_traitsIcESaIcEE9_M_mutateEjjPKcj
                0x0000000008005dfc       0x78 /usr/lib/gcc/arm-none-eabi/10.3.1/../../../arm-none-eabi/lib/thumb/v7e-m+fp/hard/libstdc++_nano.a(string-inst.o)
                0x0000000008005dfc                std::__cxx11::basic_string<char, std::char_traits<char>, std::allocator<char> >::_M_mutate(unsigned int, unsigned int, char const*, unsigned int)
 .text._ZNSt7__cxx1112basic_stringIcSt11char_traitsIcESaIcEE10_M_replaceEjjPKcj
                0x0000000008005e74       0xfc /usr/lib/gcc/arm-none-eabi/10.3.1/../../../arm-none-eabi/lib/thumb/v7e-m+fp/hard/libstdc++_nano.a(string-inst.o)
                0x0000000008005e74                std::__cxx11::basic_string<char, std::char_traits<char>, std::allocator<char> >::_M_replace(unsigned int, unsigned int, char const*, unsigned int)
 .text._ZNKSt7__cxx1112basic_stringIcSt11char_traitsIcESaIcEE7compareEPKc
                0x0000000008005f70       0x28 /usr/lib/gcc/arm-none-eabi/10.3.1/../../../arm-none-eabi/lib/thumb/v7e-m+fp/hard/libstdc++_nano.a(string-inst.o)
                0x0000000008005f70                std::__cxx11::basic_string<char, std::char_traits<char>, std::allocator<char> >::compare(char const*) const
 .text._ZdlPv   0x0000000008005f98        0x4 /usr/lib/gcc/arm-none-eabi/10.3.1/../../../arm-none-eabi/lib/thumb/v7e-m+fp/hard/libstdc++_nano.a(del_op.o)
                0x0000000008005f98                operator delete(void*)
 .text.startup._GLOBAL__sub_I__ZN9__gnu_cxx9__freeresEv
                0x0000000008005f9c       0x28 /usr/lib/gcc/arm-none-eabi/10.3.1/../../../arm-none-eabi/lib/thumb/v7e-m+fp/hard/libstdc++_nano.a(eh_alloc.o)
 .text._ZN10__cxxabiv1L24__is_gxx_exception_classEPc
                0x0000000008005fc4       0x3a /usr/lib/gcc/arm-none-eabi/10.3.1/../../../arm-none-eabi/lib/thumb/v7e-m+fp/hard/libstdc++_nano.a(eh_call.o)
 .text.__cxa_call_terminate
                0x0000000008005ffe       0x1e /usr/lib/gcc/arm-none-eabi/10.3.1/../../../arm-none-eabi/lib/thumb/v7e-m+fp/hard/libstdc++_nano.a(eh_call.o)
                0x0000000008005ffe                __cxa_call_terminate
 .text.__cxa_call_unexpected
                0x000000000800601c       0x28 /usr/lib/gcc/arm-none-eabi/10.3.1/../../../arm-none-eabi/lib/thumb/v7e-m+fp/hard/libstdc++_nano.a(eh_call.o)
                0x000000000800601c                __cxa_call_unexpected
 .text._ZSt15get_new_handlerv
                0x0000000008006044       0x10 /usr/lib/gcc/arm-none-eabi/10.3.1/../../../arm-none-eabi/lib/thumb/v7e-m+fp/hard/libstdc++_nano.a(new_handler.o)
                0x0000000008006044                std::get_new_handler()
 .text.unlikely
                0x0000000008006054        0xc /usr/lib/gcc/arm-none-eabi/10.3.1/thumb/v7e-m+fp/hard/libgcc.a(pr-support.o)
                0x0000000008006054                _Unwind_GetDataRelBase
                0x000000000800605a                _Unwind_GetTextRelBase
 *(.glue_7)
 .glue_7        0x0000000008006060        0x0 linker stubs
 *(.glue_7t)
 .glue_7t       0x0000000008006060        0x0 linker stubs
 *(.eh_frame)
 .eh_frame      0x0000000008006060        0x0 /usr/lib/gcc/arm-none-eabi/10.3.1/thumb/v7e-m+fp/hard/crtbegin.o
 *(.init)
 .init          0x0000000008006060        0x4 /usr/lib/gcc/arm-none-eabi/10.3.1/thumb/v7e-m+fp/hard/crti.o
                0x0000000008006060                _init
 .init          0x0000000008006064        0x8 /usr/lib/gcc/arm-none-eabi/10.3.1/thumb/v7e-m+fp/hard/crtn.o
 *(.fini)
 .fini          0x000000000800606c        0x4 /usr/lib/gcc/arm-none-eabi/10.3.1/thumb/v7e-m+fp/hard/crti.o
                0x000000000800606c                _fini
 .fini          0x0000000008006070        0x8 /usr/lib/gcc/arm-none-eabi/10.3.1/thumb/v7e-m+fp/hard/crtn.o
                0x0000000008006078                . = ALIGN (0x4)
                0x0000000008006078                _etext = .

.vfp11_veneer   0x0000000008006078        0x0
 .vfp11_veneer  0x0000000008006078        0x0 linker stubs

.v4_bx          0x0000000008006078        0x0
 .v4_bx         0x0000000008006078        0x0 linker stubs

.iplt           0x0000000008006078        0x0
 .iplt          0x0000000008006078        0x0 /usr/lib/gcc/arm-none-eabi/10.3.1/thumb/v7e-m+fp/hard/crtbegin.o

.rodata         0x0000000008006078      0x6a4
                0x0000000008006078                . = ALIGN (0x4)
 *(.rodata)
 .rodata        0x0000000008006078       0x58 CMakeFiles/F303k8.elf.dir/apps/console/console.cpp.obj
 .rodata        0x00000000080060d0       0xcc CMakeFiles/F303k8.elf.dir/apps/sd/sd.cpp.obj
 *(.rodata*)
 .rodata.AHBPrescTable
                0x000000000800619c       0x10 CMakeFiles/F303k8.elf.dir/ARM/Core/Src/system_stm32f3xx.c.obj
                0x000000000800619c                AHBPrescTable
 .rodata._ZN7Console6bannerEv.str1.4
                0x00000000080061ac      0x1bc CMakeFiles/F303k8.elf.dir/apps/console/console.cpp.obj
 .rodata._ZN7Console12time_commandEv.str1.4
                0x0000000008006368        0x5 CMakeFiles/F303k8.elf.dir/apps/console/console.cpp.obj
 *fill*         0x000000000800636d        0x3 
 .rodata._ZN7Console11cls_commandEv.str1.4
                0x0000000008006370        0x5 CMakeFiles/F303k8.elf.dir/apps/console/console.cpp.obj
 *fill*         0x0000000008006375        0x3 
 .rodata._ZN7Console12help_commandEv.str1.4
                0x0000000008006378       0x36 CMakeFiles/F303k8.elf.dir/apps/console/console.cpp.obj
 *fill*         0x00000000080063ae        0x2 
 .rodata._ZNSt6vectorINSt7__cxx1112basic_stringIcSt11char_traitsIcESaIcEEESaIS5_EE17_M_realloc_insertIJRKS5_EEEvN9__gnu_cxx17__normal_iteratorIPS5_S7_EEDpOT_.str1.4
                0x00000000080063b0       0x46 CMakeFiles/F303k8.elf.dir/apps/console/console.cpp.obj
 .rodata._ZN7Console12convert_argsB5cxx11Ev.str1.4
                0x00000000080063f6       0x46 CMakeFiles/F303k8.elf.dir/apps/console/console.cpp.obj
                                          0x1 (size before relaxing)
 *fill*         0x00000000080063f6        0x2 
 .rodata._ZN7Console11processLineEv.str1.4
                0x00000000080063f8       0x56 CMakeFiles/F303k8.elf.dir/apps/console/console.cpp.obj
 *fill*         0x000000000800644e        0x2 
 .rodata._ZN7Console10sd_commandEv.str1.4
                0x0000000008006450       0x34 CMakeFiles/F303k8.elf.dir/apps/console/console.cpp.obj
 .rodata._ZN7Console17assemble_commandsEv.str1.4
                0x0000000008006484       0x6c CMakeFiles/F303k8.elf.dir/apps/console/console.cpp.obj
 .rodata._ZTSSt24_Weak_result_type_memfunIM7ConsoleFvvELb1EE
                0x00000000080064f0       0x30 CMakeFiles/F303k8.elf.dir/apps/console/console.cpp.obj
                0x00000000080064f0                typeinfo name for std::_Weak_result_type_memfun<void (Console::*)(), true>
 .rodata._ZTISt24_Weak_result_type_memfunIM7ConsoleFvvELb1EE
                0x0000000008006520        0x8 CMakeFiles/F303k8.elf.dir/apps/console/console.cpp.obj
                0x0000000008006520                typeinfo for std::_Weak_result_type_memfun<void (Console::*)(), true>
 .rodata._ZTSSt17_Weak_result_typeIM7ConsoleFvvEE
                0x0000000008006528       0x25 CMakeFiles/F303k8.elf.dir/apps/console/console.cpp.obj
                0x0000000008006528                typeinfo name for std::_Weak_result_type<void (Console::*)()>
 *fill*         0x000000000800654d        0x3 
 .rodata._ZTISt17_Weak_result_typeIM7ConsoleFvvEE
                0x0000000008006550        0xc CMakeFiles/F303k8.elf.dir/apps/console/console.cpp.obj
                0x0000000008006550                typeinfo for std::_Weak_result_type<void (Console::*)()>
 .rodata._ZTSSt5_BindIFM7ConsoleFvvEPS0_EE
                0x000000000800655c       0x1e CMakeFiles/F303k8.elf.dir/apps/console/console.cpp.obj
                0x000000000800655c                typeinfo name for std::_Bind<void (Console::*(Console*))()>
 *fill*         0x000000000800657a        0x2 
 .rodata._ZTISt5_BindIFM7ConsoleFvvEPS0_EE
                0x000000000800657c        0xc CMakeFiles/F303k8.elf.dir/apps/console/console.cpp.obj
                0x000000000800657c                typeinfo for std::_Bind<void (Console::*(Console*))()>
 .rodata._ZTIN10__cxxabiv117__class_type_infoE
                0x0000000008006588        0xc /usr/lib/gcc/arm-none-eabi/10.3.1/../../../arm-none-eabi/lib/thumb/v7e-m+fp/hard/libstdc++_nano.a(class_type_info.o)
                0x0000000008006588                typeinfo for __cxxabiv1::__class_type_info
 .rodata._ZTSN10__cxxabiv117__class_type_infoE
                0x0000000008006594       0x22 /usr/lib/gcc/arm-none-eabi/10.3.1/../../../arm-none-eabi/lib/thumb/v7e-m+fp/hard/libstdc++_nano.a(class_type_info.o)
                0x0000000008006594                typeinfo name for __cxxabiv1::__class_type_info
 *fill*         0x00000000080065b6        0x2 
 .rodata._ZTVN10__cxxabiv117__class_type_infoE
                0x00000000080065b8       0x2c /usr/lib/gcc/arm-none-eabi/10.3.1/../../../arm-none-eabi/lib/thumb/v7e-m+fp/hard/libstdc++_nano.a(class_type_info.o)
                0x00000000080065b8                vtable for __cxxabiv1::__class_type_info
 .rodata._ZTIN10__cxxabiv115__forced_unwindE
                0x00000000080065e4        0x8 /usr/lib/gcc/arm-none-eabi/10.3.1/../../../arm-none-eabi/lib/thumb/v7e-m+fp/hard/libstdc++_nano.a(eh_exception.o)
                0x00000000080065e4                typeinfo for __cxxabiv1::__forced_unwind
 .rodata._ZTIN10__cxxabiv119__foreign_exceptionE
                0x00000000080065ec        0x8 /usr/lib/gcc/arm-none-eabi/10.3.1/../../../arm-none-eabi/lib/thumb/v7e-m+fp/hard/libstdc++_nano.a(eh_exception.o)
                0x00000000080065ec                typeinfo for __cxxabiv1::__foreign_exception
 .rodata._ZTSN10__cxxabiv115__forced_unwindE
                0x00000000080065f4       0x20 /usr/lib/gcc/arm-none-eabi/10.3.1/../../../arm-none-eabi/lib/thumb/v7e-m+fp/hard/libstdc++_nano.a(eh_exception.o)
                0x00000000080065f4                typeinfo name for __cxxabiv1::__forced_unwind
 .rodata._ZTSN10__cxxabiv119__foreign_exceptionE
                0x0000000008006614       0x24 /usr/lib/gcc/arm-none-eabi/10.3.1/../../../arm-none-eabi/lib/thumb/v7e-m+fp/hard/libstdc++_nano.a(eh_exception.o)
                0x0000000008006614                typeinfo name for __cxxabiv1::__foreign_exception
 .rodata._ZTIN10__cxxabiv120__si_class_type_infoE
                0x0000000008006638        0xc /usr/lib/gcc/arm-none-eabi/10.3.1/../../../arm-none-eabi/lib/thumb/v7e-m+fp/hard/libstdc++_nano.a(si_class_type_info.o)
                0x0000000008006638                typeinfo for __cxxabiv1::__si_class_type_info
 .rodata._ZTSN10__cxxabiv120__si_class_type_infoE
                0x0000000008006644       0x25 /usr/lib/gcc/arm-none-eabi/10.3.1/../../../arm-none-eabi/lib/thumb/v7e-m+fp/hard/libstdc++_nano.a(si_class_type_info.o)
                0x0000000008006644                typeinfo name for __cxxabiv1::__si_class_type_info
 *fill*         0x0000000008006669        0x3 
 .rodata._ZTVN10__cxxabiv120__si_class_type_infoE
                0x000000000800666c       0x2c /usr/lib/gcc/arm-none-eabi/10.3.1/../../../arm-none-eabi/lib/thumb/v7e-m+fp/hard/libstdc++_nano.a(si_class_type_info.o)
                0x000000000800666c                vtable for __cxxabiv1::__si_class_type_info
 .rodata._ZTISt9type_info
                0x0000000008006698        0x8 /usr/lib/gcc/arm-none-eabi/10.3.1/../../../arm-none-eabi/lib/thumb/v7e-m+fp/hard/libstdc++_nano.a(tinfo.o)
                0x0000000008006698                typeinfo for std::type_info
 .rodata._ZTSSt9type_info
                0x00000000080066a0        0xd /usr/lib/gcc/arm-none-eabi/10.3.1/../../../arm-none-eabi/lib/thumb/v7e-m+fp/hard/libstdc++_nano.a(tinfo.o)
                0x00000000080066a0                typeinfo name for std::type_info
 .rodata._ZNSt7__cxx1112basic_stringIcSt11char_traitsIcESaIcEE9_M_createERjj.str1.1
                0x00000000080066ad       0x18 /usr/lib/gcc/arm-none-eabi/10.3.1/../../../arm-none-eabi/lib/thumb/v7e-m+fp/hard/libstdc++_nano.a(string-inst.o)
 .rodata._ZNSt7__cxx1112basic_stringIcSt11char_traitsIcESaIcEE10_M_replaceEjjPKcj.str1.1
                0x00000000080066c5       0x19 /usr/lib/gcc/arm-none-eabi/10.3.1/../../../arm-none-eabi/lib/thumb/v7e-m+fp/hard/libstdc++_nano.a(string-inst.o)
 *fill*         0x00000000080066de        0x2 
 .rodata.str1.4
                0x00000000080066e0       0x13 /usr/lib/gcc/arm-none-eabi/10.3.1/../../../arm-none-eabi/lib/thumb/v7e-m+fp/hard/libc_nano.a(lib_a-nano-svfprintf.o)
 *fill*         0x00000000080066f3        0x1 
 .rodata.str1.4
                0x00000000080066f4       0x25 /usr/lib/gcc/arm-none-eabi/10.3.1/../../../arm-none-eabi/lib/thumb/v7e-m+fp/hard/libc_nano.a(lib_a-nano-vfprintf_i.o)
                0x000000000800671c                . = ALIGN (0x4)
 *fill*         0x0000000008006719        0x3 

.ARM.extab      0x000000000800671c      0x248
 *(.ARM.extab* .gnu.linkonce.armextab.*)
 .ARM.extab.text._ZNSt17_Function_handlerIFvvESt5_BindIFM7ConsoleFvvEPS2_EEE9_M_invokeERKSt9_Any_data
                0x000000000800671c        0x0 CMakeFiles/F303k8.elf.dir/apps/console/console.cpp.obj
 .ARM.extab.text._ZNSt17_Function_handlerIFvvESt5_BindIFM7ConsoleFvvEPS2_EEE10_M_managerERSt9_Any_dataRKS9_St18_Manager_operation
                0x000000000800671c        0x0 CMakeFiles/F303k8.elf.dir/apps/console/console.cpp.obj
 .ARM.extab.text._ZN7CommandD2Ev
                0x000000000800671c        0xc CMakeFiles/F303k8.elf.dir/apps/console/console.cpp.obj
 .ARM.extab.text._ZNSt6vectorI4GPIOSaIS0_EED2Ev
                0x0000000008006728        0x0 CMakeFiles/F303k8.elf.dir/apps/console/console.cpp.obj
 .ARM.extab.text._ZNSt6vectorINSt7__cxx1112basic_stringIcSt11char_traitsIcESaIcEEESaIS5_EED2Ev
                0x0000000008006728        0x0 CMakeFiles/F303k8.elf.dir/apps/console/console.cpp.obj
 .ARM.extab.text._ZNSt6vectorINSt7__cxx1112basic_stringIcSt11char_traitsIcESaIcEEESaIS5_EE17_M_realloc_insertIJRKS5_EEEvN9__gnu_cxx17__normal_iteratorIPS5_S7_EEDpOT_
                0x0000000008006728       0x30 CMakeFiles/F303k8.elf.dir/apps/console/console.cpp.obj
 .ARM.extab.text._ZN7Console12convert_argsB5cxx11Ev
                0x0000000008006758       0x18 CMakeFiles/F303k8.elf.dir/apps/console/console.cpp.obj
 .ARM.extab.text._ZN7Console11processLineEv
                0x0000000008006770       0x1b CMakeFiles/F303k8.elf.dir/apps/console/console.cpp.obj
 *fill*         0x000000000800678b        0x1 
 .ARM.extab.text._ZN7Console10sd_commandEv
                0x000000000800678c       0x1b CMakeFiles/F303k8.elf.dir/apps/console/console.cpp.obj
 .ARM.extab.text._ZNSt6vectorI4GPIOSaIS0_EE17_M_realloc_insertIJS0_EEEvN9__gnu_cxx17__normal_iteratorIPS0_S2_EEDpOT_
                0x00000000080067a7        0x0 CMakeFiles/F303k8.elf.dir/apps/console/console.cpp.obj
 *fill*         0x00000000080067a7        0x1 
 .ARM.extab.text._ZNSt6vectorI7CommandSaIS0_EE17_M_realloc_insertIJS0_EEEvN9__gnu_cxx17__normal_iteratorIPS0_S2_EEDpOT_
                0x00000000080067a8       0x11 CMakeFiles/F303k8.elf.dir/apps/console/console.cpp.obj
 .ARM.extab.text._ZNSt6vectorI7CommandSaIS0_EE12emplace_backIJS0_EEEvDpOT_
                0x00000000080067b9        0x0 CMakeFiles/F303k8.elf.dir/apps/console/console.cpp.obj
 *fill*         0x00000000080067b9        0x3 
 .ARM.extab.text._ZN7Console17assemble_commandsEv
                0x00000000080067bc       0xef CMakeFiles/F303k8.elf.dir/apps/console/console.cpp.obj
 *fill*         0x00000000080068ab        0x1 
 .ARM.extab.text._ZN7ConsoleC2Em
                0x00000000080068ac       0x29 CMakeFiles/F303k8.elf.dir/apps/console/console.cpp.obj
 *fill*         0x00000000080068d5        0x3 
 .ARM.extab.text._ZN2SDC2Ev
                0x00000000080068d8       0x23 CMakeFiles/F303k8.elf.dir/apps/sd/sd.cpp.obj
 *fill*         0x00000000080068fb        0x1 
 .ARM.extab.text._ZN7ConsoleD2Ev
                0x00000000080068fc        0xc CMakeFiles/F303k8.elf.dir/nucleo/f303k8.cpp.obj
 .ARM.extab.text._ZN6F303k8C2Ev
                0x0000000008006908       0x1c CMakeFiles/F303k8.elf.dir/nucleo/f303k8.cpp.obj
 .ARM.extab.text._ZN6F303k8D2Ev
                0x0000000008006924        0xc CMakeFiles/F303k8.elf.dir/nucleo/f303k8.cpp.obj
 .ARM.extab.text.startup.main
                0x0000000008006930       0x1c CMakeFiles/F303k8.elf.dir/main.cpp.obj
 .ARM.extab     0x000000000800694c       0x18 /usr/lib/gcc/arm-none-eabi/10.3.1/thumb/v7e-m+fp/hard/libgcc.a(pr-support.o)

.ARM            0x0000000008006964      0x198
                0x0000000008006964                __exidx_start = .
 *(.ARM.exidx*)
 .ARM.exidx     0x0000000008006964       0x80 /usr/lib/gcc/arm-none-eabi/10.3.1/thumb/v7e-m+fp/hard/libgcc.a(unwind-arm.o)
                                         0xd8 (size before relaxing)
 .ARM.exidx     0x00000000080069e4       0x38 /usr/lib/gcc/arm-none-eabi/10.3.1/thumb/v7e-m+fp/hard/libgcc.a(pr-support.o)
 .ARM.exidx.text._ZN5ClockC2Ev
                0x0000000008006a1c        0x8 CMakeFiles/F303k8.elf.dir/drivers/clock/clock.cpp.obj
 .ARM.exidx.text._ZN5ClockD2Ev
                0x0000000008006a24        0x8 CMakeFiles/F303k8.elf.dir/drivers/clock/clock.cpp.obj
 .ARM.exidx.text._ZN4GPIOC2ER10GPIO_CFG_t
                0x0000000008006a2c        0x0 CMakeFiles/F303k8.elf.dir/drivers/gpio/gpio.cpp.obj
                                          0x8 (size before relaxing)
 .ARM.exidx.text._ZN4GPIOD2Ev
                0x0000000008006a2c        0x0 CMakeFiles/F303k8.elf.dir/drivers/gpio/gpio.cpp.obj
                                          0x8 (size before relaxing)
 .ARM.exidx.text._ZN4GPIO4initEv
                0x0000000008006a2c        0x0 CMakeFiles/F303k8.elf.dir/drivers/gpio/gpio.cpp.obj
                                          0x8 (size before relaxing)
 .ARM.exidx.text._ZN5USART4initEv
                0x0000000008006a2c        0x0 CMakeFiles/F303k8.elf.dir/drivers/usart/usart.cpp.obj
                                          0x8 (size before relaxing)
 .ARM.exidx.text._ZN7RTCLOCK4initEv
                0x0000000008006a2c        0x0 CMakeFiles/F303k8.elf.dir/drivers/rtc/rtc.cpp.obj
                                          0x8 (size before relaxing)
 .ARM.exidx.text._ZN7RTCLOCK7get_bcdEPc
                0x0000000008006a2c        0x0 CMakeFiles/F303k8.elf.dir/drivers/rtc/rtc.cpp.obj
                                          0x8 (size before relaxing)
 .ARM.exidx.text._ZN3DMA4initEv
                0x0000000008006a2c        0x0 CMakeFiles/F303k8.elf.dir/drivers/dma/dma.cpp.obj
                                          0x8 (size before relaxing)
 .ARM.exidx.text._ZN3TIM4initEv
                0x0000000008006a2c        0x0 CMakeFiles/F303k8.elf.dir/drivers/tim/tim.cpp.obj
                                          0x8 (size before relaxing)
 .ARM.exidx.text._ZN3SPI4initEv
                0x0000000008006a2c        0x0 CMakeFiles/F303k8.elf.dir/drivers/spi/spi.cpp.obj
                                          0x8 (size before relaxing)
 .ARM.exidx.text._ZN3SPI2txEm
                0x0000000008006a2c        0x0 CMakeFiles/F303k8.elf.dir/drivers/spi/spi.cpp.obj
                                          0x8 (size before relaxing)
 .ARM.exidx.text._ZNSt17_Function_handlerIFvvESt5_BindIFM7ConsoleFvvEPS2_EEE9_M_invokeERKSt9_Any_data
                0x0000000008006a2c        0x0 CMakeFiles/F303k8.elf.dir/apps/console/console.cpp.obj
                                          0x8 (size before relaxing)
 .ARM.exidx.text._ZNSt17_Function_handlerIFvvESt5_BindIFM7ConsoleFvvEPS2_EEE10_M_managerERSt9_Any_dataRKS9_St18_Manager_operation
                0x0000000008006a2c        0x8 CMakeFiles/F303k8.elf.dir/apps/console/console.cpp.obj
 .ARM.exidx.text._ZN7CommandD2Ev
                0x0000000008006a34        0x8 CMakeFiles/F303k8.elf.dir/apps/console/console.cpp.obj
 .ARM.exidx.text._ZN7Console5printEPKcz
                0x0000000008006a3c        0x8 CMakeFiles/F303k8.elf.dir/apps/console/console.cpp.obj
 .ARM.exidx.text._ZN7Console12time_commandEv
                0x0000000008006a44        0x8 CMakeFiles/F303k8.elf.dir/apps/console/console.cpp.obj
 .ARM.exidx.text._ZN7Console11cls_commandEv
                0x0000000008006a4c        0x8 CMakeFiles/F303k8.elf.dir/apps/console/console.cpp.obj
 .ARM.exidx.text._ZN7Console12help_commandEv
                0x0000000008006a54        0x0 CMakeFiles/F303k8.elf.dir/apps/console/console.cpp.obj
                                          0x8 (size before relaxing)
 .ARM.exidx.text._ZN7Console4initEv
                0x0000000008006a54        0x8 CMakeFiles/F303k8.elf.dir/apps/console/console.cpp.obj
 .ARM.exidx.text.DMA1_Channel7_IRQHandler
                0x0000000008006a5c        0x8 CMakeFiles/F303k8.elf.dir/apps/console/console.cpp.obj
 .ARM.exidx.text.USART2_IRQHandler
                0x0000000008006a64        0x0 CMakeFiles/F303k8.elf.dir/apps/console/console.cpp.obj
                                          0x8 (size before relaxing)
 .ARM.exidx.text._ZNSt6vectorI4GPIOSaIS0_EED2Ev
                0x0000000008006a64        0x0 CMakeFiles/F303k8.elf.dir/apps/console/console.cpp.obj
                                          0x8 (size before relaxing)
 .ARM.exidx.text._ZNSt6vectorINSt7__cxx1112basic_stringIcSt11char_traitsIcESaIcEEESaIS5_EED2Ev
                0x0000000008006a64        0x0 CMakeFiles/F303k8.elf.dir/apps/console/console.cpp.obj
                                          0x8 (size before relaxing)
 .ARM.exidx.text._ZNSt6vectorINSt7__cxx1112basic_stringIcSt11char_traitsIcESaIcEEESaIS5_EE17_M_realloc_insertIJRKS5_EEEvN9__gnu_cxx17__normal_iteratorIPS5_S7_EEDpOT_
                0x0000000008006a64        0x8 CMakeFiles/F303k8.elf.dir/apps/console/console.cpp.obj
 .ARM.exidx.text._ZN7Console12convert_argsB5cxx11Ev
                0x0000000008006a6c        0x8 CMakeFiles/F303k8.elf.dir/apps/console/console.cpp.obj
 .ARM.exidx.text._ZN7Console11processLineEv
                0x0000000008006a74        0x8 CMakeFiles/F303k8.elf.dir/apps/console/console.cpp.obj
 .ARM.exidx.text._ZN7Console12echo_commandEv
                0x0000000008006a7c        0x8 CMakeFiles/F303k8.elf.dir/apps/console/console.cpp.obj
 .ARM.exidx.text._ZN7Console10sd_commandEv
                0x0000000008006a84        0x8 CMakeFiles/F303k8.elf.dir/apps/console/console.cpp.obj
 .ARM.exidx.text._ZNSt6vectorI4GPIOSaIS0_EE17_M_realloc_insertIJS0_EEEvN9__gnu_cxx17__normal_iteratorIPS0_S2_EEDpOT_
                0x0000000008006a8c        0x8 CMakeFiles/F303k8.elf.dir/apps/console/console.cpp.obj
 .ARM.exidx.text._ZNSt6vectorI7CommandSaIS0_EE17_M_realloc_insertIJS0_EEEvN9__gnu_cxx17__normal_iteratorIPS0_S2_EEDpOT_
                0x0000000008006a94        0x8 CMakeFiles/F303k8.elf.dir/apps/console/console.cpp.obj
 .ARM.exidx.text._ZNSt6vectorI7CommandSaIS0_EE12emplace_backIJS0_EEEvDpOT_
                0x0000000008006a9c        0x8 CMakeFiles/F303k8.elf.dir/apps/console/console.cpp.obj
 .ARM.exidx.text._ZN7Console17assemble_commandsEv
                0x0000000008006aa4        0x8 CMakeFiles/F303k8.elf.dir/apps/console/console.cpp.obj
 .ARM.exidx.text._ZN7ConsoleC2Em
                0x0000000008006aac        0x8 CMakeFiles/F303k8.elf.dir/apps/console/console.cpp.obj
 .ARM.exidx.text._ZN4WaitC2Em
                0x0000000008006ab4        0x8 CMakeFiles/F303k8.elf.dir/apps/wait/wait.cpp.obj
 .ARM.exidx.text._ZN4Wait4initEv
                0x0000000008006abc        0x0 CMakeFiles/F303k8.elf.dir/apps/wait/wait.cpp.obj
                                          0x8 (size before relaxing)
 .ARM.exidx.text._ZN4Wait6mswaitEm
                0x0000000008006abc        0x0 CMakeFiles/F303k8.elf.dir/apps/wait/wait.cpp.obj
                                          0x8 (size before relaxing)
 .ARM.exidx.text._ZN4Wait5uwaitEm
                0x0000000008006abc        0x0 CMakeFiles/F303k8.elf.dir/apps/wait/wait.cpp.obj
                                          0x8 (size before relaxing)
 .ARM.exidx.text.DMA1_Channel2_IRQHandler
                0x0000000008006abc        0x0 CMakeFiles/F303k8.elf.dir/apps/sd/sd.cpp.obj
                                          0x8 (size before relaxing)
 .ARM.exidx.text.DMA1_Channel3_IRQHandler
                0x0000000008006abc        0x0 CMakeFiles/F303k8.elf.dir/apps/sd/sd.cpp.obj
                                          0x8 (size before relaxing)
 .ARM.exidx.text._ZN2SD4initEv
                0x0000000008006abc        0x8 CMakeFiles/F303k8.elf.dir/apps/sd/sd.cpp.obj
 .ARM.exidx.text._ZN2SD5rx_enEm
                0x0000000008006ac4        0x8 CMakeFiles/F303k8.elf.dir/apps/sd/sd.cpp.obj
 .ARM.exidx.text._ZN2SD2txEv
                0x0000000008006acc        0x0 CMakeFiles/F303k8.elf.dir/apps/sd/sd.cpp.obj
                                          0x8 (size before relaxing)
 .ARM.exidx.text._ZN2SDC2Ev
                0x0000000008006acc        0x8 CMakeFiles/F303k8.elf.dir/apps/sd/sd.cpp.obj
 .ARM.exidx.text._ZN7ConsoleD2Ev
                0x0000000008006ad4        0x8 CMakeFiles/F303k8.elf.dir/nucleo/f303k8.cpp.obj
 .ARM.exidx.text._ZN6F303k8C2Ev
                0x0000000008006adc        0x8 CMakeFiles/F303k8.elf.dir/nucleo/f303k8.cpp.obj
 .ARM.exidx.text._ZN6F303k8D2Ev
                0x0000000008006ae4        0x8 CMakeFiles/F303k8.elf.dir/nucleo/f303k8.cpp.obj
 .ARM.exidx.text.startup.main
                0x0000000008006aec       0x10 CMakeFiles/F303k8.elf.dir/main.cpp.obj
                                          0x8 (size before relaxing)
 .ARM.exidx.text.unlikely
                0x0000000008006afc        0x0 /usr/lib/gcc/arm-none-eabi/10.3.1/thumb/v7e-m+fp/hard/libgcc.a(pr-support.o)
                                         0x10 (size before relaxing)
                0x0000000008006afc                __exidx_end = .

.rel.dyn        0x0000000008006afc        0x0
 .rel.iplt      0x0000000008006afc        0x0 /usr/lib/gcc/arm-none-eabi/10.3.1/thumb/v7e-m+fp/hard/crtbegin.o

.preinit_array  0x0000000008006afc        0x0
                0x0000000008006afc                PROVIDE (__preinit_array_start = .)
 *(.preinit_array*)
                0x0000000008006afc                PROVIDE (__preinit_array_end = .)

.init_array     0x0000000008006afc        0x8
                0x0000000008006afc                PROVIDE (__init_array_start = .)
 *(SORT_BY_NAME(.init_array.*))
 *(.init_array*)
 .init_array    0x0000000008006afc        0x4 /usr/lib/gcc/arm-none-eabi/10.3.1/thumb/v7e-m+fp/hard/crtbegin.o
 .init_array    0x0000000008006b00        0x4 /usr/lib/gcc/arm-none-eabi/10.3.1/../../../arm-none-eabi/lib/thumb/v7e-m+fp/hard/libstdc++_nano.a(eh_alloc.o)
                0x0000000008006b04                PROVIDE (__init_array_end = .)

.fini_array     0x0000000008006b04        0x4
                0x0000000008006b04                PROVIDE (__fini_array_start = .)
 *(SORT_BY_NAME(.fini_array.*))
 *(.fini_array*)
 .fini_array    0x0000000008006b04        0x4 /usr/lib/gcc/arm-none-eabi/10.3.1/thumb/v7e-m+fp/hard/crtbegin.o
                0x0000000008006b08                PROVIDE (__fini_array_end = .)
                0x0000000008006b08                _sidata = LOADADDR (.data)

.data           0x0000000020000000       0x70 load address 0x0000000008006b08
                0x0000000020000000                . = ALIGN (0x4)
                0x0000000020000000                _sdata = .
 *(.data)
 .data          0x0000000020000000       0x64 /usr/lib/gcc/arm-none-eabi/10.3.1/../../../arm-none-eabi/lib/thumb/v7e-m+fp/hard/libc_nano.a(lib_a-impure.o)
                0x0000000020000000                _impure_ptr
 *(.data*)
 .data.SystemCoreClock
                0x0000000020000064        0x4 CMakeFiles/F303k8.elf.dir/ARM/Core/Src/system_stm32f3xx.c.obj
                0x0000000020000064                SystemCoreClock
 .data._ZN10__cxxabiv120__unexpected_handlerE
                0x0000000020000068        0x4 /usr/lib/gcc/arm-none-eabi/10.3.1/../../../arm-none-eabi/lib/thumb/v7e-m+fp/hard/libstdc++_nano.a(eh_unex_handler.o)
                0x0000000020000068                __cxxabiv1::__unexpected_handler
 .data._ZN10__cxxabiv119__terminate_handlerE
                0x000000002000006c        0x4 /usr/lib/gcc/arm-none-eabi/10.3.1/../../../arm-none-eabi/lib/thumb/v7e-m+fp/hard/libstdc++_nano.a(eh_term_handler.o)
                0x000000002000006c                __cxxabiv1::__terminate_handler
                0x0000000020000070                . = ALIGN (0x4)
                0x0000000020000070                _edata = .
                0x0000000008006b78                _siccmram = LOADADDR (.ccmram)

.tm_clone_table
                0x0000000020000070        0x0 load address 0x0000000008006b78
 .tm_clone_table
                0x0000000020000070        0x0 /usr/lib/gcc/arm-none-eabi/10.3.1/thumb/v7e-m+fp/hard/crtbegin.o
 .tm_clone_table
                0x0000000020000070        0x0 /usr/lib/gcc/arm-none-eabi/10.3.1/thumb/v7e-m+fp/hard/crtend.o

.igot.plt       0x0000000020000070        0x0 load address 0x0000000008006b78
 .igot.plt      0x0000000020000070        0x0 /usr/lib/gcc/arm-none-eabi/10.3.1/thumb/v7e-m+fp/hard/crtbegin.o

.ccmram         0x0000000010000000        0x0 load address 0x0000000008006b78
                0x0000000010000000                . = ALIGN (0x4)
                0x0000000010000000                _sccmram = .
 *(.ccmram)
 *(.ccmram*)
                0x0000000010000000                . = ALIGN (0x4)
                0x0000000010000000                _eccmram = .
                0x0000000010000000                . = ALIGN (0x4)

.bss            0x0000000020000070      0x180
                0x0000000020000070                _sbss = .
                0x0000000020000070                __bss_start__ = _sbss
 *(.bss)
 .bss           0x0000000020000070       0x1c /usr/lib/gcc/arm-none-eabi/10.3.1/thumb/v7e-m+fp/hard/crtbegin.o
 .bss           0x000000002000008c        0x8 /usr/lib/gcc/arm-none-eabi/10.3.1/../../../arm-none-eabi/lib/thumb/v7e-m+fp/hard/libc_nano.a(lib_a-nano-mallocr.o)
                0x000000002000008c                __malloc_free_list
                0x0000000020000090                __malloc_sbrk_start
 .bss           0x0000000020000094        0x4 /usr/lib/gcc/arm-none-eabi/10.3.1/../../../arm-none-eabi/lib/thumb/v7e-m+fp/hard/libc_nano.a(lib_a-reent.o)
                0x0000000020000094                errno
 .bss           0x0000000020000098        0x4 /usr/lib/gcc/arm-none-eabi/10.3.1/../../../arm-none-eabi/lib/thumb/v7e-m+fp/hard/libnosys.a(sbrk.o)
 *(.bss*)
 .bss._ZZ17USART2_IRQHandlerE1i
                0x000000002000009c        0x4 CMakeFiles/F303k8.elf.dir/apps/console/console.cpp.obj
 .bss._ZZN7Console5printEPKczE6buffer
                0x00000000200000a0       0x80 CMakeFiles/F303k8.elf.dir/apps/console/console.cpp.obj
 .bss.console_line_rdy
                0x0000000020000120        0x4 CMakeFiles/F303k8.elf.dir/apps/console/console.cpp.obj
                0x0000000020000120                console_line_rdy
 .bss.console_rx_buff
                0x0000000020000124       0x20 CMakeFiles/F303k8.elf.dir/apps/console/console.cpp.obj
                0x0000000020000124                console_rx_buff
 .bss.console_tx_busy
                0x0000000020000144        0x4 CMakeFiles/F303k8.elf.dir/apps/console/console.cpp.obj
                0x0000000020000144                console_tx_busy
 .bss.rx_buffer
                0x0000000020000148       0x40 CMakeFiles/F303k8.elf.dir/apps/sd/sd.cpp.obj
                0x0000000020000148                rx_buffer
 .bss.spi_rx_flag
                0x0000000020000188        0x4 CMakeFiles/F303k8.elf.dir/apps/sd/sd.cpp.obj
                0x0000000020000188                spi_rx_flag
 .bss.spi_tx_flag
                0x000000002000018c        0x4 CMakeFiles/F303k8.elf.dir/apps/sd/sd.cpp.obj
                0x000000002000018c                spi_tx_flag
 .bss.tx_buffer
                0x0000000020000190       0x40 CMakeFiles/F303k8.elf.dir/apps/sd/sd.cpp.obj
                0x0000000020000190                tx_buffer
 .bss._ZL10eh_globals
                0x00000000200001d0        0xc /usr/lib/gcc/arm-none-eabi/10.3.1/../../../arm-none-eabi/lib/thumb/v7e-m+fp/hard/libstdc++_nano.a(eh_globals.o)
 .bss._ZN12_GLOBAL__N_114emergency_poolE
                0x00000000200001dc       0x10 /usr/lib/gcc/arm-none-eabi/10.3.1/../../../arm-none-eabi/lib/thumb/v7e-m+fp/hard/libstdc++_nano.a(eh_alloc.o)
 .bss._ZN12_GLOBAL__N_113__new_handlerE
                0x00000000200001ec        0x4 /usr/lib/gcc/arm-none-eabi/10.3.1/../../../arm-none-eabi/lib/thumb/v7e-m+fp/hard/libstdc++_nano.a(new_handler.o)
 *(COMMON)
                0x00000000200001f0                . = ALIGN (0x4)
                0x00000000200001f0                _ebss = .
                0x00000000200001f0                __bss_end__ = _ebss

._user_heap_stack
                0x00000000200001f0      0x600
                0x00000000200001f0                . = ALIGN (0x8)
                0x00000000200001f0                PROVIDE (end = .)
                [!provide]                        PROVIDE (_end = .)
                0x00000000200003f0                . = (. + _Min_Heap_Size)
 *fill*         0x00000000200001f0      0x200 
                0x00000000200007f0                . = (. + _Min_Stack_Size)
 *fill*         0x00000000200003f0      0x400 
                0x00000000200007f0                . = ALIGN (0x8)

/DISCARD/
 libc.a(*)
 libm.a(*)
 libgcc.a(*)

.ARM.attributes
                0x0000000000000000       0x30
 *(.ARM.attributes)
 .ARM.attributes
                0x0000000000000000       0x1e /usr/lib/gcc/arm-none-eabi/10.3.1/thumb/v7e-m+fp/hard/crti.o
 .ARM.attributes
                0x000000000000001e       0x34 /usr/lib/gcc/arm-none-eabi/10.3.1/thumb/v7e-m+fp/hard/crtbegin.o
 .ARM.attributes
                0x0000000000000052       0x34 CMakeFiles/F303k8.elf.dir/ARM/Core/Src/system_stm32f3xx.c.obj
 .ARM.attributes
                0x0000000000000086       0x34 CMakeFiles/F303k8.elf.dir/drivers/clock/clock.cpp.obj
 .ARM.attributes
                0x00000000000000ba       0x34 CMakeFiles/F303k8.elf.dir/drivers/gpio/gpio.cpp.obj
 .ARM.attributes
                0x00000000000000ee       0x34 CMakeFiles/F303k8.elf.dir/drivers/usart/usart.cpp.obj
 .ARM.attributes
                0x0000000000000122       0x34 CMakeFiles/F303k8.elf.dir/drivers/rtc/rtc.cpp.obj
 .ARM.attributes
                0x0000000000000156       0x34 CMakeFiles/F303k8.elf.dir/drivers/dma/dma.cpp.obj
 .ARM.attributes
                0x000000000000018a       0x34 CMakeFiles/F303k8.elf.dir/drivers/tim/tim.cpp.obj
 .ARM.attributes
                0x00000000000001be       0x34 CMakeFiles/F303k8.elf.dir/drivers/spi/spi.cpp.obj
 .ARM.attributes
                0x00000000000001f2       0x34 CMakeFiles/F303k8.elf.dir/apps/console/console.cpp.obj
 .ARM.attributes
                0x0000000000000226       0x34 CMakeFiles/F303k8.elf.dir/apps/wait/wait.cpp.obj
 .ARM.attributes
                0x000000000000025a       0x34 CMakeFiles/F303k8.elf.dir/apps/sd/sd.cpp.obj
 .ARM.attributes
                0x000000000000028e       0x34 CMakeFiles/F303k8.elf.dir/nucleo/f303k8.cpp.obj
 .ARM.attributes
                0x00000000000002c2       0x34 CMakeFiles/F303k8.elf.dir/main.cpp.obj
 .ARM.attributes
                0x00000000000002f6       0x21 CMakeFiles/F303k8.elf.dir/ARM/startup_stm32f303x8.s.obj
 .ARM.attributes
                0x0000000000000317       0x34 /usr/lib/gcc/arm-none-eabi/10.3.1/../../../arm-none-eabi/lib/thumb/v7e-m+fp/hard/libstdc++_nano.a(class_type_info.o)
 .ARM.attributes
                0x000000000000034b       0x34 /usr/lib/gcc/arm-none-eabi/10.3.1/../../../arm-none-eabi/lib/thumb/v7e-m+fp/hard/libstdc++_nano.a(del_ops.o)
 .ARM.attributes
                0x000000000000037f       0x34 /usr/lib/gcc/arm-none-eabi/10.3.1/../../../arm-none-eabi/lib/thumb/v7e-m+fp/hard/libstdc++_nano.a(eh_arm.o)
 .ARM.attributes
                0x00000000000003b3       0x34 /usr/lib/gcc/arm-none-eabi/10.3.1/../../../arm-none-eabi/lib/thumb/v7e-m+fp/hard/libstdc++_nano.a(eh_catch.o)
 .ARM.attributes
                0x00000000000003e7       0x34 /usr/lib/gcc/arm-none-eabi/10.3.1/../../../arm-none-eabi/lib/thumb/v7e-m+fp/hard/libstdc++_nano.a(eh_exception.o)
 .ARM.attributes
                0x000000000000041b       0x34 /usr/lib/gcc/arm-none-eabi/10.3.1/../../../arm-none-eabi/lib/thumb/v7e-m+fp/hard/libstdc++_nano.a(eh_globals.o)
 .ARM.attributes
                0x000000000000044f       0x34 /usr/lib/gcc/arm-none-eabi/10.3.1/../../../arm-none-eabi/lib/thumb/v7e-m+fp/hard/libstdc++_nano.a(eh_personality.o)
 .ARM.attributes
                0x0000000000000483       0x34 /usr/lib/gcc/arm-none-eabi/10.3.1/../../../arm-none-eabi/lib/thumb/v7e-m+fp/hard/libstdc++_nano.a(eh_terminate.o)
 .ARM.attributes
                0x00000000000004b7       0x34 /usr/lib/gcc/arm-none-eabi/10.3.1/../../../arm-none-eabi/lib/thumb/v7e-m+fp/hard/libstdc++_nano.a(eh_throw.o)
 .ARM.attributes
                0x00000000000004eb       0x32 /usr/lib/gcc/arm-none-eabi/10.3.1/../../../arm-none-eabi/lib/thumb/v7e-m+fp/hard/libstdc++_nano.a(eh_unex_handler.o)
 .ARM.attributes
                0x000000000000051d       0x34 /usr/lib/gcc/arm-none-eabi/10.3.1/../../../arm-none-eabi/lib/thumb/v7e-m+fp/hard/libstdc++_nano.a(new_op.o)
 .ARM.attributes
                0x0000000000000551       0x34 /usr/lib/gcc/arm-none-eabi/10.3.1/../../../arm-none-eabi/lib/thumb/v7e-m+fp/hard/libstdc++_nano.a(si_class_type_info.o)
 .ARM.attributes
                0x0000000000000585       0x34 /usr/lib/gcc/arm-none-eabi/10.3.1/../../../arm-none-eabi/lib/thumb/v7e-m+fp/hard/libstdc++_nano.a(tinfo.o)
 .ARM.attributes
                0x00000000000005b9       0x34 /usr/lib/gcc/arm-none-eabi/10.3.1/../../../arm-none-eabi/lib/thumb/v7e-m+fp/hard/libstdc++_nano.a(functexcept.o)
 .ARM.attributes
                0x00000000000005ed       0x34 /usr/lib/gcc/arm-none-eabi/10.3.1/../../../arm-none-eabi/lib/thumb/v7e-m+fp/hard/libstdc++_nano.a(functional.o)
 .ARM.attributes
                0x0000000000000621       0x34 /usr/lib/gcc/arm-none-eabi/10.3.1/../../../arm-none-eabi/lib/thumb/v7e-m+fp/hard/libstdc++_nano.a(string-inst.o)
 .ARM.attributes
                0x0000000000000655       0x34 /usr/lib/gcc/arm-none-eabi/10.3.1/../../../arm-none-eabi/lib/thumb/v7e-m+fp/hard/libstdc++_nano.a(del_op.o)
 .ARM.attributes
                0x0000000000000689       0x34 /usr/lib/gcc/arm-none-eabi/10.3.1/../../../arm-none-eabi/lib/thumb/v7e-m+fp/hard/libstdc++_nano.a(eh_alloc.o)
 .ARM.attributes
                0x00000000000006bd       0x34 /usr/lib/gcc/arm-none-eabi/10.3.1/../../../arm-none-eabi/lib/thumb/v7e-m+fp/hard/libstdc++_nano.a(eh_call.o)
 .ARM.attributes
                0x00000000000006f1       0x32 /usr/lib/gcc/arm-none-eabi/10.3.1/../../../arm-none-eabi/lib/thumb/v7e-m+fp/hard/libstdc++_nano.a(eh_term_handler.o)
 .ARM.attributes
                0x0000000000000723       0x34 /usr/lib/gcc/arm-none-eabi/10.3.1/../../../arm-none-eabi/lib/thumb/v7e-m+fp/hard/libstdc++_nano.a(new_handler.o)
 .ARM.attributes
                0x0000000000000757       0x34 /usr/lib/gcc/arm-none-eabi/10.3.1/../../../arm-none-eabi/lib/thumb/v7e-m+fp/hard/libc_nano.a(lib_a-abort.o)
 .ARM.attributes
                0x000000000000078b       0x32 /usr/lib/gcc/arm-none-eabi/10.3.1/../../../arm-none-eabi/lib/thumb/v7e-m+fp/hard/libc_nano.a(lib_a-impure.o)
 .ARM.attributes
                0x00000000000007bd       0x34 /usr/lib/gcc/arm-none-eabi/10.3.1/../../../arm-none-eabi/lib/thumb/v7e-m+fp/hard/libc_nano.a(lib_a-init.o)
 .ARM.attributes
                0x00000000000007f1       0x34 /usr/lib/gcc/arm-none-eabi/10.3.1/../../../arm-none-eabi/lib/thumb/v7e-m+fp/hard/libc_nano.a(lib_a-malloc.o)
 .ARM.attributes
                0x0000000000000825       0x1c /usr/lib/gcc/arm-none-eabi/10.3.1/../../../arm-none-eabi/lib/thumb/v7e-m+fp/hard/libc_nano.a(lib_a-memchr.o)
 .ARM.attributes
                0x0000000000000841       0x34 /usr/lib/gcc/arm-none-eabi/10.3.1/../../../arm-none-eabi/lib/thumb/v7e-m+fp/hard/libc_nano.a(lib_a-memcmp.o)
 .ARM.attributes
                0x0000000000000875       0x1c /usr/lib/gcc/arm-none-eabi/10.3.1/../../../arm-none-eabi/lib/thumb/v7e-m+fp/hard/libc_nano.a(lib_a-memcpy.o)
 .ARM.attributes
                0x0000000000000891       0x34 /usr/lib/gcc/arm-none-eabi/10.3.1/../../../arm-none-eabi/lib/thumb/v7e-m+fp/hard/libc_nano.a(lib_a-memmove.o)
 .ARM.attributes
                0x00000000000008c5       0x34 /usr/lib/gcc/arm-none-eabi/10.3.1/../../../arm-none-eabi/lib/thumb/v7e-m+fp/hard/libc_nano.a(lib_a-memset.o)
 .ARM.attributes
                0x00000000000008f9       0x34 /usr/lib/gcc/arm-none-eabi/10.3.1/../../../arm-none-eabi/lib/thumb/v7e-m+fp/hard/libc_nano.a(lib_a-nano-freer.o)
 .ARM.attributes
                0x000000000000092d       0x34 /usr/lib/gcc/arm-none-eabi/10.3.1/../../../arm-none-eabi/lib/thumb/v7e-m+fp/hard/libc_nano.a(lib_a-nano-mallocr.o)
 .ARM.attributes
                0x0000000000000961       0x34 /usr/lib/gcc/arm-none-eabi/10.3.1/../../../arm-none-eabi/lib/thumb/v7e-m+fp/hard/libc_nano.a(lib_a-sbrkr.o)
 .ARM.attributes
                0x0000000000000995       0x34 /usr/lib/gcc/arm-none-eabi/10.3.1/../../../arm-none-eabi/lib/thumb/v7e-m+fp/hard/libc_nano.a(lib_a-signal.o)
 .ARM.attributes
                0x00000000000009c9       0x34 /usr/lib/gcc/arm-none-eabi/10.3.1/../../../arm-none-eabi/lib/thumb/v7e-m+fp/hard/libc_nano.a(lib_a-signalr.o)
 .ARM.attributes
                0x00000000000009fd       0x1c /usr/lib/gcc/arm-none-eabi/10.3.1/../../../arm-none-eabi/lib/thumb/v7e-m+fp/hard/libc_nano.a(lib_a-strcmp.o)
 .ARM.attributes
                0x0000000000000a19       0x1c /usr/lib/gcc/arm-none-eabi/10.3.1/../../../arm-none-eabi/lib/thumb/v7e-m+fp/hard/libc_nano.a(lib_a-strlen.o)
 .ARM.attributes
                0x0000000000000a35       0x34 /usr/lib/gcc/arm-none-eabi/10.3.1/../../../arm-none-eabi/lib/thumb/v7e-m+fp/hard/libc_nano.a(lib_a-vsnprintf.o)
 .ARM.attributes
                0x0000000000000a69       0x34 /usr/lib/gcc/arm-none-eabi/10.3.1/../../../arm-none-eabi/lib/thumb/v7e-m+fp/hard/libc_nano.a(lib_a-mlock.o)
 .ARM.attributes
                0x0000000000000a9d       0x34 /usr/lib/gcc/arm-none-eabi/10.3.1/../../../arm-none-eabi/lib/thumb/v7e-m+fp/hard/libc_nano.a(lib_a-nano-svfprintf.o)
 .ARM.attributes
                0x0000000000000ad1       0x34 /usr/lib/gcc/arm-none-eabi/10.3.1/../../../arm-none-eabi/lib/thumb/v7e-m+fp/hard/libc_nano.a(lib_a-nano-vfprintf_i.o)
 .ARM.attributes
                0x0000000000000b05       0x34 /usr/lib/gcc/arm-none-eabi/10.3.1/../../../arm-none-eabi/lib/thumb/v7e-m+fp/hard/libc_nano.a(lib_a-reent.o)
 .ARM.attributes
                0x0000000000000b39       0x34 /usr/lib/gcc/arm-none-eabi/10.3.1/../../../arm-none-eabi/lib/thumb/v7e-m+fp/hard/libc_nano.a(lib_a-nano-reallocr.o)
 .ARM.attributes
                0x0000000000000b6d       0x34 /usr/lib/gcc/arm-none-eabi/10.3.1/../../../arm-none-eabi/lib/thumb/v7e-m+fp/hard/libc_nano.a(lib_a-nano-msizer.o)
 .ARM.attributes
                0x0000000000000ba1       0x34 /usr/lib/gcc/arm-none-eabi/10.3.1/thumb/v7e-m+fp/hard/libgcc.a(unwind-arm.o)
 .ARM.attributes
                0x0000000000000bd5       0x1e /usr/lib/gcc/arm-none-eabi/10.3.1/thumb/v7e-m+fp/hard/libgcc.a(libunwind.o)
 .ARM.attributes
                0x0000000000000bf3       0x34 /usr/lib/gcc/arm-none-eabi/10.3.1/thumb/v7e-m+fp/hard/libgcc.a(pr-support.o)
 .ARM.attributes
                0x0000000000000c27       0x34 /usr/lib/gcc/arm-none-eabi/10.3.1/../../../arm-none-eabi/lib/thumb/v7e-m+fp/hard/libnosys.a(getpid.o)
 .ARM.attributes
                0x0000000000000c5b       0x34 /usr/lib/gcc/arm-none-eabi/10.3.1/../../../arm-none-eabi/lib/thumb/v7e-m+fp/hard/libnosys.a(kill.o)
 .ARM.attributes
                0x0000000000000c8f       0x34 /usr/lib/gcc/arm-none-eabi/10.3.1/../../../arm-none-eabi/lib/thumb/v7e-m+fp/hard/libnosys.a(sbrk.o)
 .ARM.attributes
                0x0000000000000cc3       0x34 /usr/lib/gcc/arm-none-eabi/10.3.1/../../../arm-none-eabi/lib/thumb/v7e-m+fp/hard/libnosys.a(_exit.o)
 .ARM.attributes
                0x0000000000000cf7       0x32 /usr/lib/gcc/arm-none-eabi/10.3.1/thumb/v7e-m+fp/hard/crtend.o
 .ARM.attributes
                0x0000000000000d29       0x1e /usr/lib/gcc/arm-none-eabi/10.3.1/thumb/v7e-m+fp/hard/crtn.o
OUTPUT(bin/F303k8.elf elf32-littlearm)
LOAD linker stubs
LOAD /usr/lib/gcc/arm-none-eabi/10.3.1/../../../arm-none-eabi/lib/thumb/v7e-m+fp/hard/libc.a
LOAD /usr/lib/gcc/arm-none-eabi/10.3.1/../../../arm-none-eabi/lib/thumb/v7e-m+fp/hard/libm.a
LOAD /usr/lib/gcc/arm-none-eabi/10.3.1/thumb/v7e-m+fp/hard/libgcc.a

.comment        0x0000000000000000       0x33
 .comment       0x0000000000000000       0x33 /usr/lib/gcc/arm-none-eabi/10.3.1/thumb/v7e-m+fp/hard/crtbegin.o
                                         0x34 (size before relaxing)
 .comment       0x0000000000000033       0x34 CMakeFiles/F303k8.elf.dir/ARM/Core/Src/system_stm32f3xx.c.obj
 .comment       0x0000000000000033       0x34 CMakeFiles/F303k8.elf.dir/drivers/clock/clock.cpp.obj
 .comment       0x0000000000000033       0x34 CMakeFiles/F303k8.elf.dir/drivers/gpio/gpio.cpp.obj
 .comment       0x0000000000000033       0x34 CMakeFiles/F303k8.elf.dir/drivers/usart/usart.cpp.obj
 .comment       0x0000000000000033       0x34 CMakeFiles/F303k8.elf.dir/drivers/rtc/rtc.cpp.obj
 .comment       0x0000000000000033       0x34 CMakeFiles/F303k8.elf.dir/drivers/dma/dma.cpp.obj
 .comment       0x0000000000000033       0x34 CMakeFiles/F303k8.elf.dir/drivers/tim/tim.cpp.obj
 .comment       0x0000000000000033       0x34 CMakeFiles/F303k8.elf.dir/drivers/spi/spi.cpp.obj
 .comment       0x0000000000000033       0x34 CMakeFiles/F303k8.elf.dir/apps/console/console.cpp.obj
 .comment       0x0000000000000033       0x34 CMakeFiles/F303k8.elf.dir/apps/wait/wait.cpp.obj
 .comment       0x0000000000000033       0x34 CMakeFiles/F303k8.elf.dir/apps/sd/sd.cpp.obj
 .comment       0x0000000000000033       0x34 CMakeFiles/F303k8.elf.dir/nucleo/f303k8.cpp.obj
 .comment       0x0000000000000033       0x34 CMakeFiles/F303k8.elf.dir/main.cpp.obj
 .comment       0x0000000000000033       0x34 /usr/lib/gcc/arm-none-eabi/10.3.1/../../../arm-none-eabi/lib/thumb/v7e-m+fp/hard/libstdc++_nano.a(class_type_info.o)
 .comment       0x0000000000000033       0x34 /usr/lib/gcc/arm-none-eabi/10.3.1/../../../arm-none-eabi/lib/thumb/v7e-m+fp/hard/libstdc++_nano.a(del_ops.o)
 .comment       0x0000000000000033       0x34 /usr/lib/gcc/arm-none-eabi/10.3.1/../../../arm-none-eabi/lib/thumb/v7e-m+fp/hard/libstdc++_nano.a(eh_arm.o)
 .comment       0x0000000000000033       0x34 /usr/lib/gcc/arm-none-eabi/10.3.1/../../../arm-none-eabi/lib/thumb/v7e-m+fp/hard/libstdc++_nano.a(eh_catch.o)
 .comment       0x0000000000000033       0x34 /usr/lib/gcc/arm-none-eabi/10.3.1/../../../arm-none-eabi/lib/thumb/v7e-m+fp/hard/libstdc++_nano.a(eh_exception.o)
 .comment       0x0000000000000033       0x34 /usr/lib/gcc/arm-none-eabi/10.3.1/../../../arm-none-eabi/lib/thumb/v7e-m+fp/hard/libstdc++_nano.a(eh_globals.o)
 .comment       0x0000000000000033       0x34 /usr/lib/gcc/arm-none-eabi/10.3.1/../../../arm-none-eabi/lib/thumb/v7e-m+fp/hard/libstdc++_nano.a(eh_personality.o)
 .comment       0x0000000000000033       0x34 /usr/lib/gcc/arm-none-eabi/10.3.1/../../../arm-none-eabi/lib/thumb/v7e-m+fp/hard/libstdc++_nano.a(eh_terminate.o)
 .comment       0x0000000000000033       0x34 /usr/lib/gcc/arm-none-eabi/10.3.1/../../../arm-none-eabi/lib/thumb/v7e-m+fp/hard/libstdc++_nano.a(eh_throw.o)
 .comment       0x0000000000000033       0x34 /usr/lib/gcc/arm-none-eabi/10.3.1/../../../arm-none-eabi/lib/thumb/v7e-m+fp/hard/libstdc++_nano.a(eh_unex_handler.o)
 .comment       0x0000000000000033       0x34 /usr/lib/gcc/arm-none-eabi/10.3.1/../../../arm-none-eabi/lib/thumb/v7e-m+fp/hard/libstdc++_nano.a(new_op.o)
 .comment       0x0000000000000033       0x34 /usr/lib/gcc/arm-none-eabi/10.3.1/../../../arm-none-eabi/lib/thumb/v7e-m+fp/hard/libstdc++_nano.a(si_class_type_info.o)